../Core/Src/main.c:119:5:main	8	static
../Core/Src/main.c:272:6:SystemClock_Config	96	static
../Core/Src/main.c:317:10:CalcDist	40	static
../Core/Src/main.c:330:9:ConvertToPWM_Signal	16	static
../Core/Src/main.c:335:6:TxHeaderInit_Sensor	4	static
../Core/Src/main.c:344:6:TxHeaderInit_IMU_Accel	4	static
../Core/Src/main.c:353:6:TxHeaderInit_IMU_Gyro	4	static
../Core/Src/main.c:362:6:TxHeaderInit_IMU_Mag	4	static
../Core/Src/main.c:383:6:HAL_TIM_PeriodElapsedCallback	16	static
../Core/Src/main.c:401:6:Error_Handler	4	static,ignoring_inline_asm
