Archive member included to satisfy reference by file (symbol)

E:/STM32_IDE/STM32CubeIDE_1.18.1/STM32CubeIDE/plugins/com.st.stm32cube.ide.mcu.externaltools.gnu-tools-for-stm32.13.3.rel1.win32_1.0.0.202411081344/tools/bin/../lib/gcc/arm-none-eabi/13.3.1/../../../../arm-none-eabi/lib/thumb/v7e-m+fp/hard\libc_nano.a(libc_a-exit.o)
                              E:/STM32_IDE/STM32CubeIDE_1.18.1/STM32CubeIDE/plugins/com.st.stm32cube.ide.mcu.externaltools.gnu-tools-for-stm32.13.3.rel1.win32_1.0.0.202411081344/tools/bin/../lib/gcc/arm-none-eabi/13.3.1/../../../../arm-none-eabi/lib/thumb/v7e-m+fp/hard/crt0.o (exit)
E:/STM32_IDE/STM32CubeIDE_1.18.1/STM32CubeIDE/plugins/com.st.stm32cube.ide.mcu.externaltools.gnu-tools-for-stm32.13.3.rel1.win32_1.0.0.202411081344/tools/bin/../lib/gcc/arm-none-eabi/13.3.1/../../../../arm-none-eabi/lib/thumb/v7e-m+fp/hard\libc_nano.a(libc_a-findfp.o)
                              E:/STM32_IDE/STM32CubeIDE_1.18.1/STM32CubeIDE/plugins/com.st.stm32cube.ide.mcu.externaltools.gnu-tools-for-stm32.13.3.rel1.win32_1.0.0.202411081344/tools/bin/../lib/gcc/arm-none-eabi/13.3.1/../../../../arm-none-eabi/lib/thumb/v7e-m+fp/hard\libc_nano.a(libc_a-exit.o) (__stdio_exit_handler)
E:/STM32_IDE/STM32CubeIDE_1.18.1/STM32CubeIDE/plugins/com.st.stm32cube.ide.mcu.externaltools.gnu-tools-for-stm32.13.3.rel1.win32_1.0.0.202411081344/tools/bin/../lib/gcc/arm-none-eabi/13.3.1/../../../../arm-none-eabi/lib/thumb/v7e-m+fp/hard\libc_nano.a(libc_a-fwalk.o)
                              E:/STM32_IDE/STM32CubeIDE_1.18.1/STM32CubeIDE/plugins/com.st.stm32cube.ide.mcu.externaltools.gnu-tools-for-stm32.13.3.rel1.win32_1.0.0.202411081344/tools/bin/../lib/gcc/arm-none-eabi/13.3.1/../../../../arm-none-eabi/lib/thumb/v7e-m+fp/hard\libc_nano.a(libc_a-findfp.o) (_fwalk_sglue)
E:/STM32_IDE/STM32CubeIDE_1.18.1/STM32CubeIDE/plugins/com.st.stm32cube.ide.mcu.externaltools.gnu-tools-for-stm32.13.3.rel1.win32_1.0.0.202411081344/tools/bin/../lib/gcc/arm-none-eabi/13.3.1/../../../../arm-none-eabi/lib/thumb/v7e-m+fp/hard\libc_nano.a(libc_a-stdio.o)
                              E:/STM32_IDE/STM32CubeIDE_1.18.1/STM32CubeIDE/plugins/com.st.stm32cube.ide.mcu.externaltools.gnu-tools-for-stm32.13.3.rel1.win32_1.0.0.202411081344/tools/bin/../lib/gcc/arm-none-eabi/13.3.1/../../../../arm-none-eabi/lib/thumb/v7e-m+fp/hard\libc_nano.a(libc_a-findfp.o) (__sread)
E:/STM32_IDE/STM32CubeIDE_1.18.1/STM32CubeIDE/plugins/com.st.stm32cube.ide.mcu.externaltools.gnu-tools-for-stm32.13.3.rel1.win32_1.0.0.202411081344/tools/bin/../lib/gcc/arm-none-eabi/13.3.1/../../../../arm-none-eabi/lib/thumb/v7e-m+fp/hard\libc_nano.a(libc_a-memset.o)
                              E:/STM32_IDE/STM32CubeIDE_1.18.1/STM32CubeIDE/plugins/com.st.stm32cube.ide.mcu.externaltools.gnu-tools-for-stm32.13.3.rel1.win32_1.0.0.202411081344/tools/bin/../lib/gcc/arm-none-eabi/13.3.1/../../../../arm-none-eabi/lib/thumb/v7e-m+fp/hard/crt0.o (memset)
E:/STM32_IDE/STM32CubeIDE_1.18.1/STM32CubeIDE/plugins/com.st.stm32cube.ide.mcu.externaltools.gnu-tools-for-stm32.13.3.rel1.win32_1.0.0.202411081344/tools/bin/../lib/gcc/arm-none-eabi/13.3.1/../../../../arm-none-eabi/lib/thumb/v7e-m+fp/hard\libc_nano.a(libc_a-closer.o)
                              E:/STM32_IDE/STM32CubeIDE_1.18.1/STM32CubeIDE/plugins/com.st.stm32cube.ide.mcu.externaltools.gnu-tools-for-stm32.13.3.rel1.win32_1.0.0.202411081344/tools/bin/../lib/gcc/arm-none-eabi/13.3.1/../../../../arm-none-eabi/lib/thumb/v7e-m+fp/hard\libc_nano.a(libc_a-stdio.o) (_close_r)
E:/STM32_IDE/STM32CubeIDE_1.18.1/STM32CubeIDE/plugins/com.st.stm32cube.ide.mcu.externaltools.gnu-tools-for-stm32.13.3.rel1.win32_1.0.0.202411081344/tools/bin/../lib/gcc/arm-none-eabi/13.3.1/../../../../arm-none-eabi/lib/thumb/v7e-m+fp/hard\libc_nano.a(libc_a-reent.o)
                              E:/STM32_IDE/STM32CubeIDE_1.18.1/STM32CubeIDE/plugins/com.st.stm32cube.ide.mcu.externaltools.gnu-tools-for-stm32.13.3.rel1.win32_1.0.0.202411081344/tools/bin/../lib/gcc/arm-none-eabi/13.3.1/../../../../arm-none-eabi/lib/thumb/v7e-m+fp/hard\libc_nano.a(libc_a-closer.o) (errno)
E:/STM32_IDE/STM32CubeIDE_1.18.1/STM32CubeIDE/plugins/com.st.stm32cube.ide.mcu.externaltools.gnu-tools-for-stm32.13.3.rel1.win32_1.0.0.202411081344/tools/bin/../lib/gcc/arm-none-eabi/13.3.1/../../../../arm-none-eabi/lib/thumb/v7e-m+fp/hard\libc_nano.a(libc_a-impure.o)
                              E:/STM32_IDE/STM32CubeIDE_1.18.1/STM32CubeIDE/plugins/com.st.stm32cube.ide.mcu.externaltools.gnu-tools-for-stm32.13.3.rel1.win32_1.0.0.202411081344/tools/bin/../lib/gcc/arm-none-eabi/13.3.1/../../../../arm-none-eabi/lib/thumb/v7e-m+fp/hard\libc_nano.a(libc_a-reent.o) (_impure_ptr)
E:/STM32_IDE/STM32CubeIDE_1.18.1/STM32CubeIDE/plugins/com.st.stm32cube.ide.mcu.externaltools.gnu-tools-for-stm32.13.3.rel1.win32_1.0.0.202411081344/tools/bin/../lib/gcc/arm-none-eabi/13.3.1/../../../../arm-none-eabi/lib/thumb/v7e-m+fp/hard\libc_nano.a(libc_a-lseekr.o)
[...]
Memory Configuration

Name             Origin             Length             Attributes
CCMRAM           0x10000000         0x00001000         xrw
RAM              0x20000000         0x00003000         xrw
FLASH            0x08000000         0x00010000         xr
*default*        0x00000000         0xffffffff

Linker script and memory map

LOAD E:/STM32_IDE/STM32CubeIDE_1.18.1/STM32CubeIDE/plugins/com.st.stm32cube.ide.mcu.externaltools.gnu-tools-for-stm32.13.3.rel1.win32_1.0.0.202411081344/tools/bin/../lib/gcc/arm-none-eabi/13.3.1/thumb/v7e-m+fp/hard/crti.o
LOAD E:/STM32_IDE/STM32CubeIDE_1.18.1/STM32CubeIDE/plugins/com.st.stm32cube.ide.mcu.externaltools.gnu-tools-for-stm32.13.3.rel1.win32_1.0.0.202411081344/tools/bin/../lib/gcc/arm-none-eabi/13.3.1/thumb/v7e-m+fp/hard/crtbegin.o
LOAD E:/STM32_IDE/STM32CubeIDE_1.18.1/STM32CubeIDE/plugins/com.st.stm32cube.ide.mcu.externaltools.gnu-tools-for-stm32.13.3.rel1.win32_1.0.0.202411081344/tools/bin/../lib/gcc/arm-none-eabi/13.3.1/../../../../arm-none-eabi/lib/thumb/v7e-m+fp/hard/crt0.o
LOAD ./Core/Src/adc.o
LOAD ./Core/Src/can.o
LOAD ./Core/Src/dma.o
LOAD ./Core/Src/freertos.o
LOAD ./Core/Src/gpio.o
LOAD ./Core/Src/i2c.o
LOAD ./Core/Src/lsm9ds1.o
LOAD ./Core/Src/main.o
LOAD ./Core/Src/medianfilter.o
LOAD ./Core/Src/stm32f3xx_hal_msp.o
LOAD ./Core/Src/stm32f3xx_hal_timebase_tim.o
LOAD ./Core/Src/stm32f3xx_it.o
LOAD ./Core/Src/syscalls.o
LOAD ./Core/Src/sysmem.o
LOAD ./Core/Src/system_stm32f3xx.o
LOAD ./Core/Src/tim.o
LOAD ./Core/Startup/startup_stm32f303k8tx.o
LOAD ./Drivers/STM32F3xx_HAL_Driver/stm32f3xx_hal.o
LOAD ./Drivers/STM32F3xx_HAL_Driver/stm32f3xx_hal_adc.o
LOAD ./Drivers/STM32F3xx_HAL_Driver/stm32f3xx_hal_adc_ex.o
LOAD ./Drivers/STM32F3xx_HAL_Driver/stm32f3xx_hal_can.o
LOAD ./Drivers/STM32F3xx_HAL_Driver/stm32f3xx_hal_cortex.o
LOAD ./Drivers/STM32F3xx_HAL_Driver/stm32f3xx_hal_dma.o
LOAD ./Drivers/STM32F3xx_HAL_Driver/stm32f3xx_hal_exti.o
LOAD ./Drivers/STM32F3xx_HAL_Driver/stm32f3xx_hal_flash.o
LOAD ./Drivers/STM32F3xx_HAL_Driver/stm32f3xx_hal_flash_ex.o
LOAD ./Drivers/STM32F3xx_HAL_Driver/stm32f3xx_hal_gpio.o
LOAD ./Drivers/STM32F3xx_HAL_Driver/stm32f3xx_hal_i2c.o
LOAD ./Drivers/STM32F3xx_HAL_Driver/stm32f3xx_hal_i2c_ex.o
LOAD ./Drivers/STM32F3xx_HAL_Driver/stm32f3xx_hal_pwr.o
LOAD ./Drivers/STM32F3xx_HAL_Driver/stm32f3xx_hal_pwr_ex.o
LOAD ./Drivers/STM32F3xx_HAL_Driver/stm32f3xx_hal_rcc.o
LOAD ./Drivers/STM32F3xx_HAL_Driver/stm32f3xx_hal_rcc_ex.o
LOAD ./Drivers/STM32F3xx_HAL_Driver/stm32f3xx_hal_tim.o
LOAD ./Drivers/STM32F3xx_HAL_Driver/stm32f3xx_hal_tim_ex.o
LOAD ./Middlewares/FreeRTOS/cmsis_os.o
LOAD ./Middlewares/FreeRTOS/croutine.o
LOAD ./Middlewares/FreeRTOS/event_groups.o
LOAD ./Middlewares/FreeRTOS/heap_4.o
LOAD ./Middlewares/FreeRTOS/list.o
LOAD ./Middlewares/FreeRTOS/port.o
LOAD ./Middlewares/FreeRTOS/queue.o
LOAD ./Middlewares/FreeRTOS/stream_buffer.o
LOAD ./Middlewares/FreeRTOS/tasks.o
LOAD ./Middlewares/FreeRTOS/timers.o
START GROUP
LOAD E:/STM32_IDE/STM32CubeIDE_1.18.1/STM32CubeIDE/plugins/com.st.stm32cube.ide.mcu.externaltools.gnu-tools-for-stm32.13.3.rel1.win32_1.0.0.202411081344/tools/bin/../lib/gcc/arm-none-eabi/13.3.1/../../../../arm-none-eabi/lib/thumb/v7e-m+fp/hard\libc_nano.a
LOAD E:/STM32_IDE/STM32CubeIDE_1.18.1/STM32CubeIDE/plugins/com.st.stm32cube.ide.mcu.externaltools.gnu-tools-for-stm32.13.3.rel1.win32_1.0.0.202411081344/tools/bin/../lib/gcc/arm-none-eabi/13.3.1/../../../../arm-none-eabi/lib/thumb/v7e-m+fp/hard\libm.a
END GROUP
START GROUP
LOAD E:/STM32_IDE/STM32CubeIDE_1.18.1/STM32CubeIDE/plugins/com.st.stm32cube.ide.mcu.externaltools.gnu-tools-for-stm32.13.3.rel1.win32_1.0.0.202411081344/tools/bin/../lib/gcc/arm-none-eabi/13.3.1/thumb/v7e-m+fp/hard\libgcc.a
LOAD E:/STM32_IDE/STM32CubeIDE_1.18.1/STM32CubeIDE/plugins/com.st.stm32cube.ide.mcu.externaltools.gnu-tools-for-stm32.13.3.rel1.win32_1.0.0.202411081344/tools/bin/../lib/gcc/arm-none-eabi/13.3.1/../../../../arm-none-eabi/lib/thumb/v7e-m+fp/hard\libc_nano.a
END GROUP
START GROUP
LOAD E:/STM32_IDE/STM32CubeIDE_1.18.1/STM32CubeIDE/plugins/com.st.stm32cube.ide.mcu.externaltools.gnu-tools-for-stm32.13.3.rel1.win32_1.0.0.202411081344/tools/bin/../lib/gcc/arm-none-eabi/13.3.1/thumb/v7e-m+fp/hard\libgcc.a
LOAD E:/STM32_IDE/STM32CubeIDE_1.18.1/STM32CubeIDE/plugins/com.st.stm32cube.ide.mcu.externaltools.gnu-tools-for-stm32.13.3.rel1.win32_1.0.0.202411081344/tools/bin/../lib/gcc/arm-none-eabi/13.3.1/../../../../arm-none-eabi/lib/thumb/v7e-m+fp/hard\libc_nano.a
LOAD E:/STM32_IDE/STM32CubeIDE_1.18.1/STM32CubeIDE/plugins/com.st.stm32cube.ide.mcu.externaltools.gnu-tools-for-stm32.13.3.rel1.win32_1.0.0.202411081344/tools/bin/../lib/gcc/arm-none-eabi/13.3.1/../../../../arm-none-eabi/lib/thumb/v7e-m+fp/hard\libnosys.a
END GROUP
START GROUP
LOAD E:/STM32_IDE/STM32CubeIDE_1.18.1/STM32CubeIDE/plugins/com.st.stm32cube.ide.mcu.externaltools.gnu-tools-for-stm32.13.3.rel1.win32_1.0.0.202411081344/tools/bin/../lib/gcc/arm-none-eabi/13.3.1/thumb/v7e-m+fp/hard\libgcc.a
LOAD E:/STM32_IDE/STM32CubeIDE_1.18.1/STM32CubeIDE/plugins/com.st.stm32cube.ide.mcu.externaltools.gnu-tools-for-stm32.13.3.rel1.win32_1.0.0.202411081344/tools/bin/../lib/gcc/arm-none-eabi/13.3.1/../../../../arm-none-eabi/lib/thumb/v7e-m+fp/hard\libc_nano.a
LOAD E:/STM32_IDE/STM32CubeIDE_1.18.1/STM32CubeIDE/plugins/com.st.stm32cube.ide.mcu.externaltools.gnu-tools-for-stm32.13.3.rel1.win32_1.0.0.202411081344/tools/bin/../lib/gcc/arm-none-eabi/13.3.1/../../../../arm-none-eabi/lib/thumb/v7e-m+fp/hard\libnosys.a
END GROUP
LOAD E:/STM32_IDE/STM32CubeIDE_1.18.1/STM32CubeIDE/plugins/com.st.stm32cube.ide.mcu.externaltools.gnu-tools-for-stm32.13.3.rel1.win32_1.0.0.202411081344/tools/bin/../lib/gcc/arm-none-eabi/13.3.1/thumb/v7e-m+fp/hard/crtend.o
LOAD E:/STM32_IDE/STM32CubeIDE_1.18.1/STM32CubeIDE/plugins/com.st.stm32cube.ide.mcu.externaltools.gnu-tools-for-stm32.13.3.rel1.win32_1.0.0.202411081344/tools/bin/../lib/gcc/arm-none-eabi/13.3.1/thumb/v7e-m+fp/hard/crtn.o
                0x20003000                        _estack = (ORIGIN (RAM) + LENGTH (RAM))
                0x00000200                        _Min_Heap_Size = 0x200
                0x00000400                        _Min_Stack_Size = 0x400

.isr_vector     0x08000000      0x188
                0x08000000                        . = ALIGN (0x4)
 *(.isr_vector)
 .isr_vector    0x08000000      0x188 ./Core/Startup/startup_stm32f303k8tx.o
                0x08000000                g_pfnVectors
                0x08000188                        . = ALIGN (0x4)

.text           0x08000190     0xa9bc
                0x08000190                        . = ALIGN (0x4)
 *(.text)
 .text          0x08000190       0x40 E:/STM32_IDE/STM32CubeIDE_1.18.1/STM32CubeIDE/plugins/com.st.stm32cube.ide.mcu.externaltools.gnu-tools-for-stm32.13.3.rel1.win32_1.0.0.202411081344/tools/bin/../lib/gcc/arm-none-eabi/13.3.1/thumb/v7e-m+fp/hard/crtbegin.o
 .text          0x080001d0      0x378 E:/STM32_IDE/STM32CubeIDE_1.18.1/STM32CubeIDE/plugins/com.st.stm32cube.ide.mcu.externaltools.gnu-tools-for-stm32.13.3.rel1.win32_1.0.0.202411081344/tools/bin/../lib/gcc/arm-none-eabi/13.3.1/thumb/v7e-m+fp/hard\libgcc.a(_arm_addsubdf3.o)
                0x080001d0                __aeabi_drsub
                0x080001d8                __aeabi_dsub
                0x080001d8                __subdf3
                0x080001dc                __aeabi_dadd
                0x080001dc                __adddf3
                0x08000454                __floatunsidf
                0x08000454                __aeabi_ui2d
                0x08000474                __floatsidf
                0x08000474                __aeabi_i2d
                0x08000498                __aeabi_f2d
                0x08000498                __extendsfdf2
                0x080004dc                __floatundidf
                0x080004dc                __aeabi_ul2d
                0x080004ec                __floatdidf
                0x080004ec                __aeabi_l2d
 .text          0x08000548      0x424 E:/STM32_IDE/STM32CubeIDE_1.18.1/STM32CubeIDE/plugins/com.st.stm32cube.ide.mcu.externaltools.gnu-tools-for-stm32.13.3.rel1.win32_1.0.0.202411081344/tools/bin/../lib/gcc/arm-none-eabi/13.3.1/thumb/v7e-m+fp/hard\libgcc.a(_arm_muldivdf3.o)
                0x08000548                __aeabi_dmul
                0x08000548                __muldf3
                0x0800079c                __divdf3
                0x0800079c                __aeabi_ddiv
 .text          0x0800096c      0x110 E:/STM32_IDE/STM32CubeIDE_1.18.1/STM32CubeIDE/plugins/com.st.stm32cube.ide.mcu.externaltools.gnu-tools-for-stm32.13.3.rel1.win32_1.0.0.202411081344/tools/bin/../lib/gcc/arm-none-eabi/13.3.1/thumb/v7e-m+fp/hard\libgcc.a(_arm_cmpdf2.o)
                0x0800096c                __gtdf2
                0x0800096c                __gedf2
                0x08000974                __ltdf2
                0x08000974                __ledf2
                0x0800097c                __nedf2
                0x0800097c                __eqdf2
                0x0800097c                __cmpdf2
                0x080009f8                __aeabi_cdrcmple
                0x08000a08                __aeabi_cdcmpeq
                0x08000a08                __aeabi_cdcmple
                0x08000a18                __aeabi_dcmpeq
                0x08000a2c                __aeabi_dcmplt
                0x08000a40                __aeabi_dcmple
                0x08000a54                __aeabi_dcmpge
                0x08000a68                __aeabi_dcmpgt
 .text          0x08000a7c       0x2c E:/STM32_IDE/STM32CubeIDE_1.18.1/STM32CubeIDE/plugins/com.st.stm32cube.ide.mcu.externaltools.gnu-tools-for-stm32.13.3.rel1.win32_1.0.0.202411081344/tools/bin/../lib/gcc/arm-none-eabi/13.3.1/thumb/v7e-m+fp/hard\libgcc.a(_arm_unorddf2.o)
                0x08000a7c                __unorddf2
                0x08000a7c                __aeabi_dcmpun
 .text          0x08000aa8       0x40 E:/STM32_IDE/STM32CubeIDE_1.18.1/STM32CubeIDE/plugins/com.st.stm32cube.ide.mcu.externaltools.gnu-tools-for-stm32.13.3.rel1.win32_1.0.0.202411081344/tools/bin/../lib/gcc/arm-none-eabi/13.3.1/thumb/v7e-m+fp/hard\libgcc.a(_arm_fixunsdfsi.o)
                0x08000aa8                __aeabi_d2uiz
                0x08000aa8                __fixunsdfsi
 *(.text*)
 .text.MX_ADC1_Init
                0x08000ae8      0x134 ./Core/Src/adc.o
                0x08000ae8                MX_ADC1_Init
 .text.HAL_ADC_MspInit
                0x08000c1c       0xd0 ./Core/Src/adc.o
                0x08000c1c                HAL_ADC_MspInit
 .text.MX_CAN_Init
                0x08000cec       0xa4 ./Core/Src/can.o
                0x08000cec                MX_CAN_Init
 .text.HAL_CAN_MspInit
                0x08000d90       0xbc ./Core/Src/can.o
                0x08000d90                HAL_CAN_MspInit
 .text.MX_DMA_Init
                0x08000e4c       0x3c ./Core/Src/dma.o
                0x08000e4c                MX_DMA_Init
 .text.vApplicationGetIdleTaskMemory
                0x08000e88       0x34 ./Core/Src/freertos.o
                0x08000e88                vApplicationGetIdleTaskMemory
 .text.MX_FREERTOS_Init
                0x08000ebc       0xc4 ./Core/Src/freertos.o
                0x08000ebc                MX_FREERTOS_Init
 .text.StartDefaultTask
                0x08000f80       0x64 ./Core/Src/freertos.o
                0x08000f80                StartDefaultTask
 .text.StartPWMTask
                0x08000fe4       0x50 ./Core/Src/freertos.o
                0x08000fe4                StartPWMTask
 .text.StartDistSensTask
                0x08001034       0xa0 ./Core/Src/freertos.o
                0x08001034                StartDistSensTask
 .text.StartIMUTask
                0x080010d4      0x250 ./Core/Src/freertos.o
                0x080010d4                StartIMUTask
 .text.HAL_CAN_RxFifo0MsgPendingCallback
                0x08001324       0x48 ./Core/Src/freertos.o
                0x08001324                HAL_CAN_RxFifo0MsgPendingCallback
 .text.HAL_ADC_ConvCpltCallback
                0x0800136c       0x84 ./Core/Src/freertos.o
                0x0800136c                HAL_ADC_ConvCpltCallback
 .text.MX_GPIO_Init
                0x080013f0       0xc0 ./Core/Src/gpio.o
                0x080013f0                MX_GPIO_Init
 .text.MX_I2C1_Init
                0x080014b0       0x80 ./Core/Src/i2c.o
                0x080014b0                MX_I2C1_Init
 .text.HAL_I2C_MspInit
                0x08001530       0x88 ./Core/Src/i2c.o
                0x08001530                HAL_I2C_MspInit
 .text.init     0x080015b8      0x16c ./Core/Src/lsm9ds1.o
                0x080015b8                init
 .text.begin    0x08001724       0xa4 ./Core/Src/lsm9ds1.o
                0x08001724                begin
 .text.initGyro
                0x080017c8      0x138 ./Core/Src/lsm9ds1.o
                0x080017c8                initGyro
 .text.initAccel
                0x08001900      0x114 ./Core/Src/lsm9ds1.o
                0x08001900                initAccel
 .text.initMag  0x08001a14      0x114 ./Core/Src/lsm9ds1.o
                0x08001a14                initMag
 .text.readAccel
                0x08001b28       0xb2 ./Core/Src/lsm9ds1.o
                0x08001b28                readAccel
 .text.readMag  0x08001bda       0xb2 ./Core/Src/lsm9ds1.o
                0x08001bda                readMag
 .text.readGyro
                0x08001c8c       0xb2 ./Core/Src/lsm9ds1.o
                0x08001c8c                readGyro
 *fill*         0x08001d3e        0x2 
 .text.calcGyro
                0x08001d40       0x2c ./Core/Src/lsm9ds1.o
                0x08001d40                calcGyro
 .text.calcAccel
                0x08001d6c       0x2c ./Core/Src/lsm9ds1.o
                0x08001d6c                calcAccel
 .text.calcMag  0x08001d98       0x2c ./Core/Src/lsm9ds1.o
                0x08001d98                calcMag
 .text.setGyroScale
                0x08001dc4       0x74 ./Core/Src/lsm9ds1.o
                0x08001dc4                setGyroScale
 .text.setAccelScale
                0x08001e38       0x84 ./Core/Src/lsm9ds1.o
                0x08001e38                setAccelScale
 .text.setMagScale
                0x08001ebc       0x8c ./Core/Src/lsm9ds1.o
                0x08001ebc                setMagScale
 .text.calcgRes
                0x08001f48       0x58 ./Core/Src/lsm9ds1.o
                0x08001f48                calcgRes
 .text.calcaRes
                0x08001fa0       0x94 ./Core/Src/lsm9ds1.o
                0x08001fa0                calcaRes
 .text.calcmRes
                0x08002034       0x90 ./Core/Src/lsm9ds1.o
                0x08002034                calcmRes
 .text.constrainScales
                0x080020c4       0x8c ./Core/Src/lsm9ds1.o
                0x080020c4                constrainScales
 .text.xgWriteByte
                0x08002150       0x50 ./Core/Src/lsm9ds1.o
                0x08002150                xgWriteByte
 .text.mWriteByte
                0x080021a0       0x50 ./Core/Src/lsm9ds1.o
                0x080021a0                mWriteByte
 .text.xgReadByte
                0x080021f0       0x50 ./Core/Src/lsm9ds1.o
                0x080021f0                xgReadByte
 .text.xgReadBytes
                0x08002240       0x58 ./Core/Src/lsm9ds1.o
                0x08002240                xgReadBytes
 .text.mReadByte
                0x08002298       0x50 ./Core/Src/lsm9ds1.o
                0x08002298                mReadByte
 .text.mReadBytes
                0x080022e8       0x58 ./Core/Src/lsm9ds1.o
                0x080022e8                mReadBytes
 .text.SPIwriteByte
                0x08002340       0x1e ./Core/Src/lsm9ds1.o
                0x08002340                SPIwriteByte
 .text.SPIreadByte
                0x0800235e       0x1e ./Core/Src/lsm9ds1.o
                0x0800235e                SPIreadByte
 .text.SPIreadBytes
                0x0800237c       0x24 ./Core/Src/lsm9ds1.o
                0x0800237c                SPIreadBytes
 .text.I2CwriteByte
                0x080023a0       0x40 ./Core/Src/lsm9ds1.o
                0x080023a0                I2CwriteByte
 .text.I2CreadByte
                0x080023e0       0x58 ./Core/Src/lsm9ds1.o
                0x080023e0                I2CreadByte
 .text.I2CreadBytes
                0x08002438       0x5c ./Core/Src/lsm9ds1.o
                0x08002438                I2CreadBytes
 .text.main     0x08002494       0x88 ./Core/Src/main.o
                0x08002494                main
 .text.SystemClock_Config
                0x0800251c       0xbc ./Core/Src/main.o
                0x0800251c                SystemClock_Config
 .text.CalcDist
                0x080025d8      0x1c4 ./Core/Src/main.o
                0x080025d8                CalcDist
 .text.ConvertToPWM_Signal
                0x0800279c       0x4a ./Core/Src/main.o
                0x0800279c                ConvertToPWM_Signal
 *fill*         0x080027e6        0x2 
 .text.TxHeaderInit_Sensor
                0x080027e8       0x38 ./Core/Src/main.o
                0x080027e8                TxHeaderInit_Sensor
 .text.TxHeaderInit_IMU_Accel
                0x08002820       0x38 ./Core/Src/main.o
                0x08002820                TxHeaderInit_IMU_Accel
 .text.TxHeaderInit_IMU_Gyro
                0x08002858       0x38 ./Core/Src/main.o
                0x08002858                TxHeaderInit_IMU_Gyro
 .text.TxHeaderInit_IMU_Mag
                0x08002890       0x38 ./Core/Src/main.o
                0x08002890                TxHeaderInit_IMU_Mag
 .text.HAL_TIM_PeriodElapsedCallback
                0x080028c8       0x1e ./Core/Src/main.o
                0x080028c8                HAL_TIM_PeriodElapsedCallback
 .text.Error_Handler
                0x080028e6        0xc ./Core/Src/main.o
                0x080028e6                Error_Handler
 *fill*         0x080028f2        0x2 
 .text.Moving_Average_Compute
                0x080028f4       0x6c ./Core/Src/medianfilter.o
                0x080028f4                Moving_Average_Compute
 .text.HAL_MspInit
                0x08002960       0x50 ./Core/Src/stm32f3xx_hal_msp.o
                0x08002960                HAL_MspInit
 .text.HAL_InitTick
                0x080029b0       0xf4 ./Core/Src/stm32f3xx_hal_timebase_tim.o
                0x080029b0                HAL_InitTick
 .text.NMI_Handler
                0x08002aa4        0x8 ./Core/Src/stm32f3xx_it.o
                0x08002aa4                NMI_Handler
 .text.HardFault_Handler
                0x08002aac        0x8 ./Core/Src/stm32f3xx_it.o
                0x08002aac                HardFault_Handler
 .text.MemManage_Handler
                0x08002ab4        0x8 ./Core/Src/stm32f3xx_it.o
                0x08002ab4                MemManage_Handler
 .text.BusFault_Handler
                0x08002abc        0x8 ./Core/Src/stm32f3xx_it.o
                0x08002abc                BusFault_Handler
 .text.UsageFault_Handler
                0x08002ac4        0x8 ./Core/Src/stm32f3xx_it.o
                0x08002ac4                UsageFault_Handler
 .text.DebugMon_Handler
                0x08002acc        0xe ./Core/Src/stm32f3xx_it.o
                0x08002acc                DebugMon_Handler
 *fill*         0x08002ada        0x2 
 .text.DMA1_Channel1_IRQHandler
                0x08002adc       0x14 ./Core/Src/stm32f3xx_it.o
                0x08002adc                DMA1_Channel1_IRQHandler
 .text.CAN_RX0_IRQHandler
                0x08002af0       0x14 ./Core/Src/stm32f3xx_it.o
                0x08002af0                CAN_RX0_IRQHandler
 .text.TIM2_IRQHandler
                0x08002b04       0x14 ./Core/Src/stm32f3xx_it.o
                0x08002b04                TIM2_IRQHandler
 .text.SystemInit
                0x08002b18       0x24 ./Core/Src/system_stm32f3xx.o
                0x08002b18                SystemInit
 .text.MX_TIM1_Init
                0x08002b3c      0x174 ./Core/Src/tim.o
                0x08002b3c                MX_TIM1_Init
 .text.HAL_TIM_Base_MspInit
                0x08002cb0       0x40 ./Core/Src/tim.o
                0x08002cb0                HAL_TIM_Base_MspInit
 .text.HAL_TIM_MspPostInit
                0x08002cf0       0x70 ./Core/Src/tim.o
                0x08002cf0                HAL_TIM_MspPostInit
 .text.Reset_Handler
                0x08002d60       0x50 ./Core/Startup/startup_stm32f303k8tx.o
                0x08002d60                Reset_Handler
 .text.Default_Handler
                0x08002db0        0x2 ./Core/Startup/startup_stm32f303k8tx.o
                0x08002db0                RTC_Alarm_IRQHandler
                0x08002db0                TIM1_CC_IRQHandler
                0x08002db0                PVD_IRQHandler
                0x08002db0                TAMP_STAMP_IRQHandler
                0x08002db0                EXTI3_IRQHandler
                0x08002db0                EXTI0_IRQHandler
                0x08002db0                FPU_IRQHandler
                0x08002db0                CAN_TX_IRQHandler
                0x08002db0                TIM1_UP_TIM16_IRQHandler
                0x08002db0                ADC1_2_IRQHandler
                0x08002db0                SPI1_IRQHandler
                0x08002db0                CAN_SCE_IRQHandler
                0x08002db0                DMA1_Channel4_IRQHandler
                0x08002db0                USART3_IRQHandler
                0x08002db0                DMA1_Channel7_IRQHandler
                0x08002db0                TIM7_DAC2_IRQHandler
                0x08002db0                CAN_RX1_IRQHandler
                0x08002db0                I2C1_EV_IRQHandler
                0x08002db0                DMA1_Channel6_IRQHandler
                0x08002db0                TIM3_IRQHandler
                0x08002db0                RCC_IRQHandler
                0x08002db0                Default_Handler
                0x08002db0                EXTI15_10_IRQHandler
                0x08002db0                COMP2_IRQHandler
                0x08002db0                TIM6_DAC1_IRQHandler
                0x08002db0                EXTI9_5_IRQHandler
                0x08002db0                RTC_WKUP_IRQHandler
                0x08002db0                DMA1_Channel5_IRQHandler
                0x08002db0                EXTI4_IRQHandler
                0x08002db0                TIM1_TRG_COM_TIM17_IRQHandler
                0x08002db0                DMA1_Channel3_IRQHandler
                0x08002db0                WWDG_IRQHandler
                0x08002db0                EXTI1_IRQHandler
                0x08002db0                COMP4_6_IRQHandler
                0x08002db0                USART2_IRQHandler
                0x08002db0                DMA1_Channel2_IRQHandler
                0x08002db0                FLASH_IRQHandler
                0x08002db0                USART1_IRQHandler
                0x08002db0                I2C1_ER_IRQHandler
                0x08002db0                EXTI2_TSC_IRQHandler
                0x08002db0                TIM1_BRK_TIM15_IRQHandler
 *fill*         0x08002db2        0x2 
 .text.HAL_Init
                0x08002db4       0x2c ./Drivers/STM32F3xx_HAL_Driver/stm32f3xx_hal.o
                0x08002db4                HAL_Init
 .text.HAL_IncTick
                0x08002de0       0x28 ./Drivers/STM32F3xx_HAL_Driver/stm32f3xx_hal.o
                0x08002de0                HAL_IncTick
 .text.HAL_GetTick
                0x08002e08       0x18 ./Drivers/STM32F3xx_HAL_Driver/stm32f3xx_hal.o
                0x08002e08                HAL_GetTick
 .text.HAL_ADC_ConvHalfCpltCallback
                0x08002e20       0x14 ./Drivers/STM32F3xx_HAL_Driver/stm32f3xx_hal_adc.o
                0x08002e20                HAL_ADC_ConvHalfCpltCallback
 .text.HAL_ADC_ErrorCallback
                0x08002e34       0x14 ./Drivers/STM32F3xx_HAL_Driver/stm32f3xx_hal_adc.o
                0x08002e34                HAL_ADC_ErrorCallback
 .text.HAL_ADC_Init
                0x08002e48      0x324 ./Drivers/STM32F3xx_HAL_Driver/stm32f3xx_hal_adc_ex.o
                0x08002e48                HAL_ADC_Init
 .text.HAL_ADC_Start_DMA
                0x0800316c      0x1b4 ./Drivers/STM32F3xx_HAL_Driver/stm32f3xx_hal_adc_ex.o
                0x0800316c                HAL_ADC_Start_DMA
 .text.HAL_ADC_ConfigChannel
                0x08003320      0x57c ./Drivers/STM32F3xx_HAL_Driver/stm32f3xx_hal_adc_ex.o
                0x08003320                HAL_ADC_ConfigChannel
 .text.HAL_ADCEx_MultiModeConfigChannel
                0x0800389c      0x18c ./Drivers/STM32F3xx_HAL_Driver/stm32f3xx_hal_adc_ex.o
                0x0800389c                HAL_ADCEx_MultiModeConfigChannel
 .text.ADC_DMAConvCplt
                0x08003a28       0x7a ./Drivers/STM32F3xx_HAL_Driver/stm32f3xx_hal_adc_ex.o
 .text.ADC_DMAHalfConvCplt
                0x08003aa2       0x1c ./Drivers/STM32F3xx_HAL_Driver/stm32f3xx_hal_adc_ex.o
 .text.ADC_DMAError
                0x08003abe       0x34 ./Drivers/STM32F3xx_HAL_Driver/stm32f3xx_hal_adc_ex.o
 *fill*         0x08003af2        0x2 
 .text.ADC_Enable
                0x08003af4       0xc8 ./Drivers/STM32F3xx_HAL_Driver/stm32f3xx_hal_adc_ex.o
 .text.ADC_Disable
                0x08003bbc       0xcc ./Drivers/STM32F3xx_HAL_Driver/stm32f3xx_hal_adc_ex.o
 .text.HAL_CAN_Init
                0x08003c88      0x1f6 ./Drivers/STM32F3xx_HAL_Driver/stm32f3xx_hal_can.o
                0x08003c88                HAL_CAN_Init
 .text.HAL_CAN_ConfigFilter
                0x08003e7e      0x194 ./Drivers/STM32F3xx_HAL_Driver/stm32f3xx_hal_can.o
                0x08003e7e                HAL_CAN_ConfigFilter
 .text.HAL_CAN_Start
                0x08004012       0x88 ./Drivers/STM32F3xx_HAL_Driver/stm32f3xx_hal_can.o
                0x08004012                HAL_CAN_Start
 .text.HAL_CAN_AddTxMessage
                0x0800409a      0x1a0 ./Drivers/STM32F3xx_HAL_Driver/stm32f3xx_hal_can.o
                0x0800409a                HAL_CAN_AddTxMessage
 .text.HAL_CAN_GetRxMessage
                0x0800423a      0x244 ./Drivers/STM32F3xx_HAL_Driver/stm32f3xx_hal_can.o
                0x0800423a                HAL_CAN_GetRxMessage
 .text.HAL_CAN_ActivateNotification
                0x0800447e       0x4c ./Drivers/STM32F3xx_HAL_Driver/stm32f3xx_hal_can.o
                0x0800447e                HAL_CAN_ActivateNotification
 .text.HAL_CAN_IRQHandler
                0x080044ca      0x36e ./Drivers/STM32F3xx_HAL_Driver/stm32f3xx_hal_can.o
                0x080044ca                HAL_CAN_IRQHandler
 .text.HAL_CAN_TxMailbox0CompleteCallback
                0x08004838       0x14 ./Drivers/STM32F3xx_HAL_Driver/stm32f3xx_hal_can.o
                0x08004838                HAL_CAN_TxMailbox0CompleteCallback
 .text.HAL_CAN_TxMailbox1CompleteCallback
                0x0800484c       0x14 ./Drivers/STM32F3xx_HAL_Driver/stm32f3xx_hal_can.o
                0x0800484c                HAL_CAN_TxMailbox1CompleteCallback
 .text.HAL_CAN_TxMailbox2CompleteCallback
                0x08004860       0x14 ./Drivers/STM32F3xx_HAL_Driver/stm32f3xx_hal_can.o
                0x08004860                HAL_CAN_TxMailbox2CompleteCallback
 .text.HAL_CAN_TxMailbox0AbortCallback
                0x08004874       0x14 ./Drivers/STM32F3xx_HAL_Driver/stm32f3xx_hal_can.o
                0x08004874                HAL_CAN_TxMailbox0AbortCallback
 .text.HAL_CAN_TxMailbox1AbortCallback
                0x08004888       0x14 ./Drivers/STM32F3xx_HAL_Driver/stm32f3xx_hal_can.o
                0x08004888                HAL_CAN_TxMailbox1AbortCallback
 .text.HAL_CAN_TxMailbox2AbortCallback
                0x0800489c       0x14 ./Drivers/STM32F3xx_HAL_Driver/stm32f3xx_hal_can.o
                0x0800489c                HAL_CAN_TxMailbox2AbortCallback
 .text.HAL_CAN_RxFifo0FullCallback
                0x080048b0       0x14 ./Drivers/STM32F3xx_HAL_Driver/stm32f3xx_hal_can.o
                0x080048b0                HAL_CAN_RxFifo0FullCallback
 .text.HAL_CAN_RxFifo1MsgPendingCallback
                0x080048c4       0x14 ./Drivers/STM32F3xx_HAL_Driver/stm32f3xx_hal_can.o
                0x080048c4                HAL_CAN_RxFifo1MsgPendingCallback
 .text.HAL_CAN_RxFifo1FullCallback
                0x080048d8       0x14 ./Drivers/STM32F3xx_HAL_Driver/stm32f3xx_hal_can.o
                0x080048d8                HAL_CAN_RxFifo1FullCallback
 .text.HAL_CAN_SleepCallback
                0x080048ec       0x14 ./Drivers/STM32F3xx_HAL_Driver/stm32f3xx_hal_can.o
                0x080048ec                HAL_CAN_SleepCallback
 .text.HAL_CAN_WakeUpFromRxMsgCallback
                0x08004900       0x14 ./Drivers/STM32F3xx_HAL_Driver/stm32f3xx_hal_can.o
                0x08004900                HAL_CAN_WakeUpFromRxMsgCallback
 .text.HAL_CAN_ErrorCallback
                0x08004914       0x14 ./Drivers/STM32F3xx_HAL_Driver/stm32f3xx_hal_can.o
                0x08004914                HAL_CAN_ErrorCallback
 .text.__NVIC_SetPriorityGrouping
                0x08004928       0x48 ./Drivers/STM32F3xx_HAL_Driver/stm32f3xx_hal_cortex.o
 .text.__NVIC_GetPriorityGrouping
                0x08004970       0x1c ./Drivers/STM32F3xx_HAL_Driver/stm32f3xx_hal_cortex.o
 .text.__NVIC_EnableIRQ
                0x0800498c       0x3c ./Drivers/STM32F3xx_HAL_Driver/stm32f3xx_hal_cortex.o
 .text.__NVIC_SetPriority
                0x080049c8       0x54 ./Drivers/STM32F3xx_HAL_Driver/stm32f3xx_hal_cortex.o
 .text.NVIC_EncodePriority
                0x08004a1c       0x66 ./Drivers/STM32F3xx_HAL_Driver/stm32f3xx_hal_cortex.o
 .text.HAL_NVIC_SetPriorityGrouping
                0x08004a82       0x16 ./Drivers/STM32F3xx_HAL_Driver/stm32f3xx_hal_cortex.o
                0x08004a82                HAL_NVIC_SetPriorityGrouping
 .text.HAL_NVIC_SetPriority
                0x08004a98       0x38 ./Drivers/STM32F3xx_HAL_Driver/stm32f3xx_hal_cortex.o
                0x08004a98                HAL_NVIC_SetPriority
 .text.HAL_NVIC_EnableIRQ
                0x08004ad0       0x1c ./Drivers/STM32F3xx_HAL_Driver/stm32f3xx_hal_cortex.o
                0x08004ad0                HAL_NVIC_EnableIRQ
 .text.HAL_DMA_Init
                0x08004aec       0x8e ./Drivers/STM32F3xx_HAL_Driver/stm32f3xx_hal_dma.o
                0x08004aec                HAL_DMA_Init
 .text.HAL_DMA_Start_IT
                0x08004b7a       0xbe ./Drivers/STM32F3xx_HAL_Driver/stm32f3xx_hal_dma.o
                0x08004b7a                HAL_DMA_Start_IT
 .text.HAL_DMA_IRQHandler
                0x08004c38      0x146 ./Drivers/STM32F3xx_HAL_Driver/stm32f3xx_hal_dma.o
                0x08004c38                HAL_DMA_IRQHandler
 .text.DMA_SetConfig
                0x08004d7e       0x5c ./Drivers/STM32F3xx_HAL_Driver/stm32f3xx_hal_dma.o
 *fill*         0x08004dda        0x2 
 .text.DMA_CalcBaseAndBitshift
                0x08004ddc       0x40 ./Drivers/STM32F3xx_HAL_Driver/stm32f3xx_hal_dma.o
 .text.HAL_GPIO_Init
                0x08004e1c      0x2e4 ./Drivers/STM32F3xx_HAL_Driver/stm32f3xx_hal_gpio.o
                0x08004e1c                HAL_GPIO_Init
 .text.HAL_I2C_Init
                0x08005100      0x136 ./Drivers/STM32F3xx_HAL_Driver/stm32f3xx_hal_i2c.o
                0x08005100                HAL_I2C_Init
 *fill*         0x08005236        0x2 
 .text.HAL_I2C_Master_Transmit
                0x08005238      0x230 ./Drivers/STM32F3xx_HAL_Driver/stm32f3xx_hal_i2c.o
                0x08005238                HAL_I2C_Master_Transmit
 .text.HAL_I2C_Master_Receive
                0x08005468      0x1ec ./Drivers/STM32F3xx_HAL_Driver/stm32f3xx_hal_i2c.o
                0x08005468                HAL_I2C_Master_Receive
 .text.I2C_Flush_TXDR
                0x08005654       0x48 ./Drivers/STM32F3xx_HAL_Driver/stm32f3xx_hal_i2c.o
 .text.I2C_WaitOnFlagUntilTimeout
                0x0800569c       0xb2 ./Drivers/STM32F3xx_HAL_Driver/stm32f3xx_hal_i2c.o
 .text.I2C_WaitOnTXISFlagUntilTimeout
                0x0800574e       0x8e ./Drivers/STM32F3xx_HAL_Driver/stm32f3xx_hal_i2c.o
 .text.I2C_WaitOnSTOPFlagUntilTimeout
                0x080057dc       0x86 ./Drivers/STM32F3xx_HAL_Driver/stm32f3xx_hal_i2c.o
 *fill*         0x08005862        0x2 
 .text.I2C_WaitOnRXNEFlagUntilTimeout
                0x08005864      0x118 ./Drivers/STM32F3xx_HAL_Driver/stm32f3xx_hal_i2c.o
 .text.I2C_IsErrorOccurred
                0x0800597c      0x1c0 ./Drivers/STM32F3xx_HAL_Driver/stm32f3xx_hal_i2c.o
 .text.I2C_TransferConfig
                0x08005b3c       0x64 ./Drivers/STM32F3xx_HAL_Driver/stm32f3xx_hal_i2c.o
 .text.HAL_I2CEx_ConfigAnalogFilter
                0x08005ba0       0x96 ./Drivers/STM32F3xx_HAL_Driver/stm32f3xx_hal_i2c_ex.o
                0x08005ba0                HAL_I2CEx_ConfigAnalogFilter
 .text.HAL_I2CEx_ConfigDigitalFilter
                0x08005c36       0x98 ./Drivers/STM32F3xx_HAL_Driver/stm32f3xx_hal_i2c_ex.o
                0x08005c36                HAL_I2CEx_ConfigDigitalFilter
 *fill*         0x08005cce        0x2 
 .text.HAL_RCC_OscConfig
                0x08005cd0     0x101c ./Drivers/STM32F3xx_HAL_Driver/stm32f3xx_hal_rcc.o
                0x08005cd0                HAL_RCC_OscConfig
 .text.HAL_RCC_ClockConfig
                0x08006cec      0x2dc ./Drivers/STM32F3xx_HAL_Driver/stm32f3xx_hal_rcc.o
                0x08006cec                HAL_RCC_ClockConfig
 .text.HAL_RCC_GetSysClockFreq
                0x08006fc8       0xa8 ./Drivers/STM32F3xx_HAL_Driver/stm32f3xx_hal_rcc.o
                0x08006fc8                HAL_RCC_GetSysClockFreq
 .text.HAL_RCC_GetHCLKFreq
                0x08007070       0x18 ./Drivers/STM32F3xx_HAL_Driver/stm32f3xx_hal_rcc.o
                0x08007070                HAL_RCC_GetHCLKFreq
 .text.HAL_RCC_GetPCLK1Freq
                0x08007088       0x44 ./Drivers/STM32F3xx_HAL_Driver/stm32f3xx_hal_rcc.o
                0x08007088                HAL_RCC_GetPCLK1Freq
 .text.HAL_RCC_GetClockConfig
                0x080070cc       0x64 ./Drivers/STM32F3xx_HAL_Driver/stm32f3xx_hal_rcc.o
                0x080070cc                HAL_RCC_GetClockConfig
 .text.HAL_RCCEx_PeriphCLKConfig
                0x08007130      0x248 ./Drivers/STM32F3xx_HAL_Driver/stm32f3xx_hal_rcc_ex.o
                0x08007130                HAL_RCCEx_PeriphCLKConfig
 .text.HAL_TIM_Base_Init
                0x08007378       0xae ./Drivers/STM32F3xx_HAL_Driver/stm32f3xx_hal_tim.o
                0x08007378                HAL_TIM_Base_Init
 *fill*         0x08007426        0x2 
 .text.HAL_TIM_Base_Start_IT
                0x08007428       0xb8 ./Drivers/STM32F3xx_HAL_Driver/stm32f3xx_hal_tim.o
                0x08007428                HAL_TIM_Base_Start_IT
 .text.HAL_TIM_PWM_Init
                0x080074e0       0xae ./Drivers/STM32F3xx_HAL_Driver/stm32f3xx_hal_tim.o
                0x080074e0                HAL_TIM_PWM_Init
 .text.HAL_TIM_PWM_MspInit
                0x0800758e       0x14 ./Drivers/STM32F3xx_HAL_Driver/stm32f3xx_hal_tim.o
                0x0800758e                HAL_TIM_PWM_MspInit
 *fill*         0x080075a2        0x2 
 .text.HAL_TIM_PWM_Start
                0x080075a4      0x1d8 ./Drivers/STM32F3xx_HAL_Driver/stm32f3xx_hal_tim.o
                0x080075a4                HAL_TIM_PWM_Start
 .text.HAL_TIM_IRQHandler
                0x0800777c      0x204 ./Drivers/STM32F3xx_HAL_Driver/stm32f3xx_hal_tim.o
                0x0800777c                HAL_TIM_IRQHandler
 .text.HAL_TIM_PWM_ConfigChannel
                0x08007980      0x228 ./Drivers/STM32F3xx_HAL_Driver/stm32f3xx_hal_tim.o
                0x08007980                HAL_TIM_PWM_ConfigChannel
 .text.HAL_TIM_ConfigClockSource
                0x08007ba8      0x192 ./Drivers/STM32F3xx_HAL_Driver/stm32f3xx_hal_tim.o
                0x08007ba8                HAL_TIM_ConfigClockSource
 .text.HAL_TIM_OC_DelayElapsedCallback
                0x08007d3a       0x14 ./Drivers/STM32F3xx_HAL_Driver/stm32f3xx_hal_tim.o
                0x08007d3a                HAL_TIM_OC_DelayElapsedCallback
 .text.HAL_TIM_IC_CaptureCallback
                0x08007d4e       0x14 ./Drivers/STM32F3xx_HAL_Driver/stm32f3xx_hal_tim.o
                0x08007d4e                HAL_TIM_IC_CaptureCallback
 .text.HAL_TIM_PWM_PulseFinishedCallback
                0x08007d62       0x14 ./Drivers/STM32F3xx_HAL_Driver/stm32f3xx_hal_tim.o
                0x08007d62                HAL_TIM_PWM_PulseFinishedCallback
 .text.HAL_TIM_TriggerCallback
                0x08007d76       0x14 ./Drivers/STM32F3xx_HAL_Driver/stm32f3xx_hal_tim.o
                0x08007d76                HAL_TIM_TriggerCallback
 *fill*         0x08007d8a        0x2 
 .text.TIM_Base_SetConfig
                0x08007d8c      0x108 ./Drivers/STM32F3xx_HAL_Driver/stm32f3xx_hal_tim.o
                0x08007d8c                TIM_Base_SetConfig
 .text.TIM_OC1_SetConfig
                0x08007e94      0x10c ./Drivers/STM32F3xx_HAL_Driver/stm32f3xx_hal_tim.o
 .text.TIM_OC2_SetConfig
                0x08007fa0      0x100 ./Drivers/STM32F3xx_HAL_Driver/stm32f3xx_hal_tim.o
                0x08007fa0                TIM_OC2_SetConfig
 .text.TIM_OC3_SetConfig
                0x080080a0       0xfc ./Drivers/STM32F3xx_HAL_Driver/stm32f3xx_hal_tim.o
 .text.TIM_OC4_SetConfig
                0x0800819c       0xc8 ./Drivers/STM32F3xx_HAL_Driver/stm32f3xx_hal_tim.o
 .text.TIM_OC5_SetConfig
                0x08008264       0xbc ./Drivers/STM32F3xx_HAL_Driver/stm32f3xx_hal_tim.o
 .text.TIM_OC6_SetConfig
                0x08008320       0xc0 ./Drivers/STM32F3xx_HAL_Driver/stm32f3xx_hal_tim.o
 .text.TIM_TI1_ConfigInputStage
                0x080083e0       0x5e ./Drivers/STM32F3xx_HAL_Driver/stm32f3xx_hal_tim.o
 .text.TIM_TI2_ConfigInputStage
                0x0800843e       0x60 ./Drivers/STM32F3xx_HAL_Driver/stm32f3xx_hal_tim.o
 .text.TIM_ITRx_SetConfig
                0x0800849e       0x36 ./Drivers/STM32F3xx_HAL_Driver/stm32f3xx_hal_tim.o
 .text.TIM_ETR_SetConfig
                0x080084d4       0x40 ./Drivers/STM32F3xx_HAL_Driver/stm32f3xx_hal_tim.o
                0x080084d4                TIM_ETR_SetConfig
 .text.TIM_CCxChannelCmd
                0x08008514       0x4a ./Drivers/STM32F3xx_HAL_Driver/stm32f3xx_hal_tim.o
                0x08008514                TIM_CCxChannelCmd
 *fill*         0x0800855e        0x2 
 .text.HAL_TIMEx_MasterConfigSynchronization
                0x08008560       0xdc ./Drivers/STM32F3xx_HAL_Driver/stm32f3xx_hal_tim_ex.o
                0x08008560                HAL_TIMEx_MasterConfigSynchronization
 .text.HAL_TIMEx_ConfigBreakDeadTime
                0x0800863c       0xf0 ./Drivers/STM32F3xx_HAL_Driver/stm32f3xx_hal_tim_ex.o
                0x0800863c                HAL_TIMEx_ConfigBreakDeadTime
 .text.HAL_TIMEx_CommutCallback
                0x0800872c       0x14 ./Drivers/STM32F3xx_HAL_Driver/stm32f3xx_hal_tim_ex.o
                0x0800872c                HAL_TIMEx_CommutCallback
 .text.HAL_TIMEx_BreakCallback
                0x08008740       0x14 ./Drivers/STM32F3xx_HAL_Driver/stm32f3xx_hal_tim_ex.o
                0x08008740                HAL_TIMEx_BreakCallback
 .text.HAL_TIMEx_Break2Callback
                0x08008754       0x14 ./Drivers/STM32F3xx_HAL_Driver/stm32f3xx_hal_tim_ex.o
                0x08008754                HAL_TIMEx_Break2Callback
 .text.makeFreeRtosPriority
                0x08008768       0x30 ./Middlewares/FreeRTOS/cmsis_os.o
 .text.osKernelStart
                0x08008798        0xe ./Middlewares/FreeRTOS/cmsis_os.o
                0x08008798                osKernelStart
 .text.osThreadCreate
                0x080087a6       0x98 ./Middlewares/FreeRTOS/cmsis_os.o
                0x080087a6                osThreadCreate
 .text.osDelay  0x0800883e       0x28 ./Middlewares/FreeRTOS/cmsis_os.o
                0x0800883e                osDelay
 *fill*         0x08008866        0x2 
 .text.pvPortMalloc
                0x08008868      0x190 ./Middlewares/FreeRTOS/heap_4.o
                0x08008868                pvPortMalloc
 .text.vPortFree
                0x080089f8       0xb8 ./Middlewares/FreeRTOS/heap_4.o
                0x080089f8                vPortFree
 .text.prvHeapInit
                0x08008ab0       0xc4 ./Middlewares/FreeRTOS/heap_4.o
 .text.prvInsertBlockIntoFreeList
                0x08008b74       0xb4 ./Middlewares/FreeRTOS/heap_4.o
 .text.vListInitialise
                0x08008c28       0x40 ./Middlewares/FreeRTOS/list.o
                0x08008c28                vListInitialise
 .text.vListInitialiseItem
                0x08008c68       0x1a ./Middlewares/FreeRTOS/list.o
                0x08008c68                vListInitialiseItem
 .text.vListInsertEnd
                0x08008c82       0x48 ./Middlewares/FreeRTOS/list.o
                0x08008c82                vListInsertEnd
 .text.vListInsert
                0x08008cca       0x72 ./Middlewares/FreeRTOS/list.o
                0x08008cca                vListInsert
 .text.uxListRemove
                0x08008d3c       0x54 ./Middlewares/FreeRTOS/list.o
                0x08008d3c                uxListRemove
 .text.pxPortInitialiseStack
                0x08008d90       0x68 ./Middlewares/FreeRTOS/port.o
                0x08008d90                pxPortInitialiseStack
 .text.prvTaskExitError
                0x08008df8       0x5c ./Middlewares/FreeRTOS/port.o
 *fill*         0x08008e54        0xc 
 .text.SVC_Handler
                0x08008e60       0x28 ./Middlewares/FreeRTOS/port.o
                0x08008e60                SVC_Handler
 .text.prvPortStartFirstTask
                0x08008e88       0x28 ./Middlewares/FreeRTOS/port.o
 .text.xPortStartScheduler
                0x08008eb0      0x148 ./Middlewares/FreeRTOS/port.o
                0x08008eb0                xPortStartScheduler
 .text.vPortEnterCritical
                0x08008ff8       0x64 ./Middlewares/FreeRTOS/port.o
                0x08008ff8                vPortEnterCritical
 .text.vPortExitCritical
                0x0800905c       0x54 ./Middlewares/FreeRTOS/port.o
                0x0800905c                vPortExitCritical
 .text.PendSV_Handler
                0x080090b0       0x68 ./Middlewares/FreeRTOS/port.o
                0x080090b0                PendSV_Handler
 .text.SysTick_Handler
                0x08009118       0x44 ./Middlewares/FreeRTOS/port.o
                0x08009118                SysTick_Handler
 .text.vPortSetupTimerInterrupt
                0x0800915c       0x48 ./Middlewares/FreeRTOS/port.o
                0x0800915c                vPortSetupTimerInterrupt
 .text.vPortEnableVFP
                0x080091a4       0x14 ./Middlewares/FreeRTOS/port.o
 .text.xTaskCreateStatic
                0x080091b8       0xbe ./Middlewares/FreeRTOS/tasks.o
                0x080091b8                xTaskCreateStatic
 .text.xTaskCreate
                0x08009276       0x8a ./Middlewares/FreeRTOS/tasks.o
                0x08009276                xTaskCreate
 .text.prvInitialiseNewTask
                0x08009300      0x100 ./Middlewares/FreeRTOS/tasks.o
 .text.prvAddNewTaskToReadyList
                0x08009400       0xd4 ./Middlewares/FreeRTOS/tasks.o
 .text.vTaskDelay
                0x080094d4       0x6c ./Middlewares/FreeRTOS/tasks.o
                0x080094d4                vTaskDelay
 .text.vTaskStartScheduler
                0x08009540       0xc4 ./Middlewares/FreeRTOS/tasks.o
                0x08009540                vTaskStartScheduler
 .text.vTaskSuspendAll
                0x08009604       0x1c ./Middlewares/FreeRTOS/tasks.o
                0x08009604                vTaskSuspendAll
 .text.xTaskResumeAll
                0x08009620      0x13c ./Middlewares/FreeRTOS/tasks.o
                0x08009620                xTaskResumeAll
 .text.xTaskIncrementTick
                0x0800975c      0x17c ./Middlewares/FreeRTOS/tasks.o
                0x0800975c                xTaskIncrementTick
 .text.vTaskSwitchContext
                0x080098d8       0xb8 ./Middlewares/FreeRTOS/tasks.o
                0x080098d8                vTaskSwitchContext
 .text.prvIdleTask
                0x08009990       0x30 ./Middlewares/FreeRTOS/tasks.o
 .text.prvInitialiseTaskLists
                0x080099c0       0x80 ./Middlewares/FreeRTOS/tasks.o
 .text.prvCheckTasksWaitingTermination
                0x08009a40       0x5c ./Middlewares/FreeRTOS/tasks.o
 .text.prvDeleteTCB
                0x08009a9c       0x60 ./Middlewares/FreeRTOS/tasks.o
 .text.prvResetNextTaskUnblockTime
                0x08009afc       0x4c ./Middlewares/FreeRTOS/tasks.o
 .text.prvAddCurrentTaskToDelayedList
                0x08009b48       0xcc ./Middlewares/FreeRTOS/tasks.o
 .text.memset   0x08009c14       0x10 E:/STM32_IDE/STM32CubeIDE_1.18.1/STM32CubeIDE/plugins/com.st.stm32cube.ide.mcu.externaltools.gnu-tools-for-stm32.13.3.rel1.win32_1.0.0.202411081344/tools/bin/../lib/gcc/arm-none-eabi/13.3.1/../../../../arm-none-eabi/lib/thumb/v7e-m+fp/hard\libc_nano.a(libc_a-memset.o)
                0x08009c14                memset
 .text.__errno  0x08009c24        0xc E:/STM32_IDE/STM32CubeIDE_1.18.1/STM32CubeIDE/plugins/com.st.stm32cube.ide.mcu.externaltools.gnu-tools-for-stm32.13.3.rel1.win32_1.0.0.202411081344/tools/bin/../lib/gcc/arm-none-eabi/13.3.1/../../../../arm-none-eabi/lib/thumb/v7e-m+fp/hard\libc_nano.a(libc_a-errno.o)
                0x08009c24                __errno
 .text.__libc_init_array
                0x08009c30       0x48 E:/STM32_IDE/STM32CubeIDE_1.18.1/STM32CubeIDE/plugins/com.st.stm32cube.ide.mcu.externaltools.gnu-tools-for-stm32.13.3.rel1.win32_1.0.0.202411081344/tools/bin/../lib/gcc/arm-none-eabi/13.3.1/../../../../arm-none-eabi/lib/thumb/v7e-m+fp/hard\libc_nano.a(libc_a-init.o)
                0x08009c30                __libc_init_array
 .text.pow      0x08009c78       0xe0 E:/STM32_IDE/STM32CubeIDE_1.18.1/STM32CubeIDE/plugins/com.st.stm32cube.ide.mcu.externaltools.gnu-tools-for-stm32.13.3.rel1.win32_1.0.0.202411081344/tools/bin/../lib/gcc/arm-none-eabi/13.3.1/../../../../arm-none-eabi/lib/thumb/v7e-m+fp/hard\libm.a(libm_a-w_pow.o)
                0x08009c78                pow
 .text.finite   0x08009d58       0x16 E:/STM32_IDE/STM32CubeIDE_1.18.1/STM32CubeIDE/plugins/com.st.stm32cube.ide.mcu.externaltools.gnu-tools-for-stm32.13.3.rel1.win32_1.0.0.202411081344/tools/bin/../lib/gcc/arm-none-eabi/13.3.1/../../../../arm-none-eabi/lib/thumb/v7e-m+fp/hard\libm.a(libm_a-s_finite.o)
                0x08009d58                finite
 *fill*         0x08009d6e        0x2 
 .text.__ieee754_pow
                0x08009d70      0xa94 E:/STM32_IDE/STM32CubeIDE_1.18.1/STM32CubeIDE/plugins/com.st.stm32cube.ide.mcu.externaltools.gnu-tools-for-stm32.13.3.rel1.win32_1.0.0.202411081344/tools/bin/../lib/gcc/arm-none-eabi/13.3.1/../../../../arm-none-eabi/lib/thumb/v7e-m+fp/hard\libm.a(libm_a-e_pow.o)
                0x08009d70                __ieee754_pow
 .text.fabs     0x0800a804       0x10 E:/STM32_IDE/STM32CubeIDE_1.18.1/STM32CubeIDE/plugins/com.st.stm32cube.ide.mcu.externaltools.gnu-tools-for-stm32.13.3.rel1.win32_1.0.0.202411081344/tools/bin/../lib/gcc/arm-none-eabi/13.3.1/../../../../arm-none-eabi/lib/thumb/v7e-m+fp/hard\libm.a(libm_a-s_fabs.o)
                0x0800a804                fabs
 *fill*         0x0800a814        0x4 
 .text.scalbn   0x0800a818       0xf4 E:/STM32_IDE/STM32CubeIDE_1.18.1/STM32CubeIDE/plugins/com.st.stm32cube.ide.mcu.externaltools.gnu-tools-for-stm32.13.3.rel1.win32_1.0.0.202411081344/tools/bin/../lib/gcc/arm-none-eabi/13.3.1/../../../../arm-none-eabi/lib/thumb/v7e-m+fp/hard\libm.a(libm_a-s_scalbn.o)
                0x0800a818                scalbn
 .text.with_errno
                0x0800a90c       0x24 E:/STM32_IDE/STM32CubeIDE_1.18.1/STM32CubeIDE/plugins/com.st.stm32cube.ide.mcu.externaltools.gnu-tools-for-stm32.13.3.rel1.win32_1.0.0.202411081344/tools/bin/../lib/gcc/arm-none-eabi/13.3.1/../../../../arm-none-eabi/lib/thumb/v7e-m+fp/hard\libm.a(libm_a-math_err.o)
 .text.xflow    0x0800a930       0x32 E:/STM32_IDE/STM32CubeIDE_1.18.1/STM32CubeIDE/plugins/com.st.stm32cube.ide.mcu.externaltools.gnu-tools-for-stm32.13.3.rel1.win32_1.0.0.202411081344/tools/bin/../lib/gcc/arm-none-eabi/13.3.1/../../../../arm-none-eabi/lib/thumb/v7e-m+fp/hard\libm.a(libm_a-math_err.o)
 *fill*         0x0800a962        0x6 
 .text.__math_uflow
                0x0800a968       0x10 E:/STM32_IDE/STM32CubeIDE_1.18.1/STM32CubeIDE/plugins/com.st.stm32cube.ide.mcu.externaltools.gnu-tools-for-stm32.13.3.rel1.win32_1.0.0.202411081344/tools/bin/../lib/gcc/arm-none-eabi/13.3.1/../../../../arm-none-eabi/lib/thumb/v7e-m+fp/hard\libm.a(libm_a-math_err.o)
                0x0800a968                __math_uflow
 .text.__math_oflow
                0x0800a978       0x10 E:/STM32_IDE/STM32CubeIDE_1.18.1/STM32CubeIDE/plugins/com.st.stm32cube.ide.mcu.externaltools.gnu-tools-for-stm32.13.3.rel1.win32_1.0.0.202411081344/tools/bin/../lib/gcc/arm-none-eabi/13.3.1/../../../../arm-none-eabi/lib/thumb/v7e-m+fp/hard\libm.a(libm_a-math_err.o)
                0x0800a978                __math_oflow
 .text.__ieee754_sqrt
                0x0800a988      0x1ac E:/STM32_IDE/STM32CubeIDE_1.18.1/STM32CubeIDE/plugins/com.st.stm32cube.ide.mcu.externaltools.gnu-tools-for-stm32.13.3.rel1.win32_1.0.0.202411081344/tools/bin/../lib/gcc/arm-none-eabi/13.3.1/../../../../arm-none-eabi/lib/thumb/v7e-m+fp/hard\libm.a(libm_a-e_sqrt.o)
                0x0800a988                __ieee754_sqrt
 *(.glue_7)
 .glue_7        0x0800ab34        0x0 linker stubs
 *(.glue_7t)
 .glue_7t       0x0800ab34        0x0 linker stubs
 *(.eh_frame)
 .eh_frame      0x0800ab34        0x0 E:/STM32_IDE/STM32CubeIDE_1.18.1/STM32CubeIDE/plugins/com.st.stm32cube.ide.mcu.externaltools.gnu-tools-for-stm32.13.3.rel1.win32_1.0.0.202411081344/tools/bin/../lib/gcc/arm-none-eabi/13.3.1/thumb/v7e-m+fp/hard/crtbegin.o
 *(.init)
 .init          0x0800ab34        0x4 E:/STM32_IDE/STM32CubeIDE_1.18.1/STM32CubeIDE/plugins/com.st.stm32cube.ide.mcu.externaltools.gnu-tools-for-stm32.13.3.rel1.win32_1.0.0.202411081344/tools/bin/../lib/gcc/arm-none-eabi/13.3.1/thumb/v7e-m+fp/hard/crti.o
                0x0800ab34                _init
 .init          0x0800ab38        0x8 E:/STM32_IDE/STM32CubeIDE_1.18.1/STM32CubeIDE/plugins/com.st.stm32cube.ide.mcu.externaltools.gnu-tools-for-stm32.13.3.rel1.win32_1.0.0.202411081344/tools/bin/../lib/gcc/arm-none-eabi/13.3.1/thumb/v7e-m+fp/hard/crtn.o
 *(.fini)
 .fini          0x0800ab40        0x4 E:/STM32_IDE/STM32CubeIDE_1.18.1/STM32CubeIDE/plugins/com.st.stm32cube.ide.mcu.externaltools.gnu-tools-for-stm32.13.3.rel1.win32_1.0.0.202411081344/tools/bin/../lib/gcc/arm-none-eabi/13.3.1/thumb/v7e-m+fp/hard/crti.o
                0x0800ab40                _fini
 .fini          0x0800ab44        0x8 E:/STM32_IDE/STM32CubeIDE_1.18.1/STM32CubeIDE/plugins/com.st.stm32cube.ide.mcu.externaltools.gnu-tools-for-stm32.13.3.rel1.win32_1.0.0.202411081344/tools/bin/../lib/gcc/arm-none-eabi/13.3.1/thumb/v7e-m+fp/hard/crtn.o
                0x0800ab4c                        . = ALIGN (0x4)
                0x0800ab4c                        _etext = .

.vfp11_veneer   0x0800ab4c        0x0
 .vfp11_veneer  0x0800ab4c        0x0 linker stubs

.v4_bx          0x0800ab4c        0x0
 .v4_bx         0x0800ab4c        0x0 linker stubs

.iplt           0x0800ab4c        0x0
 .iplt          0x0800ab4c        0x0 E:/STM32_IDE/STM32CubeIDE_1.18.1/STM32CubeIDE/plugins/com.st.stm32cube.ide.mcu.externaltools.gnu-tools-for-stm32.13.3.rel1.win32_1.0.0.202411081344/tools/bin/../lib/gcc/arm-none-eabi/13.3.1/thumb/v7e-m+fp/hard/crtbegin.o

.rodata         0x0800ab50      0x128
                0x0800ab50                        . = ALIGN (0x4)
 *(.rodata)
 .rodata        0x0800ab50       0xa4 ./Core/Src/freertos.o
 .rodata        0x0800abf4        0x5 ./Middlewares/FreeRTOS/tasks.o
 *(.rodata*)
 *fill*         0x0800abf9        0x3 
 .rodata.AHBPrescTable
                0x0800abfc       0x10 ./Core/Src/system_stm32f3xx.o
                0x0800abfc                AHBPrescTable
 .rodata.APBPrescTable
                0x0800ac0c        0x8 ./Core/Src/system_stm32f3xx.o
                0x0800ac0c                APBPrescTable
 .rodata.aPLLMULFactorTable
                0x0800ac14       0x10 ./Drivers/STM32F3xx_HAL_Driver/stm32f3xx_hal_rcc.o
 .rodata.aPredivFactorTable
                0x0800ac24       0x10 ./Drivers/STM32F3xx_HAL_Driver/stm32f3xx_hal_rcc.o
 *fill*         0x0800ac34        0x4 
 .rodata.dp_l   0x0800ac38       0x10 E:/STM32_IDE/STM32CubeIDE_1.18.1/STM32CubeIDE/plugins/com.st.stm32cube.ide.mcu.externaltools.gnu-tools-for-stm32.13.3.rel1.win32_1.0.0.202411081344/tools/bin/../lib/gcc/arm-none-eabi/13.3.1/../../../../arm-none-eabi/lib/thumb/v7e-m+fp/hard\libm.a(libm_a-e_pow.o)
 .rodata.dp_h   0x0800ac48       0x10 E:/STM32_IDE/STM32CubeIDE_1.18.1/STM32CubeIDE/plugins/com.st.stm32cube.ide.mcu.externaltools.gnu-tools-for-stm32.13.3.rel1.win32_1.0.0.202411081344/tools/bin/../lib/gcc/arm-none-eabi/13.3.1/../../../../arm-none-eabi/lib/thumb/v7e-m+fp/hard\libm.a(libm_a-e_pow.o)
 .rodata.bp     0x0800ac58       0x10 E:/STM32_IDE/STM32CubeIDE_1.18.1/STM32CubeIDE/plugins/com.st.stm32cube.ide.mcu.externaltools.gnu-tools-for-stm32.13.3.rel1.win32_1.0.0.202411081344/tools/bin/../lib/gcc/arm-none-eabi/13.3.1/../../../../arm-none-eabi/lib/thumb/v7e-m+fp/hard\libm.a(libm_a-e_pow.o)
 .rodata.tiny   0x0800ac68        0x8 E:/STM32_IDE/STM32CubeIDE_1.18.1/STM32CubeIDE/plugins/com.st.stm32cube.ide.mcu.externaltools.gnu-tools-for-stm32.13.3.rel1.win32_1.0.0.202411081344/tools/bin/../lib/gcc/arm-none-eabi/13.3.1/../../../../arm-none-eabi/lib/thumb/v7e-m+fp/hard\libm.a(libm_a-e_sqrt.o)
 .rodata.one    0x0800ac70        0x8 E:/STM32_IDE/STM32CubeIDE_1.18.1/STM32CubeIDE/plugins/com.st.stm32cube.ide.mcu.externaltools.gnu-tools-for-stm32.13.3.rel1.win32_1.0.0.202411081344/tools/bin/../lib/gcc/arm-none-eabi/13.3.1/../../../../arm-none-eabi/lib/thumb/v7e-m+fp/hard\libm.a(libm_a-e_sqrt.o)
                0x0800ac78                        . = ALIGN (0x4)

.ARM.extab      0x0800ac78        0x0
                0x0800ac78                        . = ALIGN (0x4)
 *(.ARM.extab* .gnu.linkonce.armextab.*)
                0x0800ac78                        . = ALIGN (0x4)

.ARM            0x0800ac78        0x0
                0x0800ac78                        . = ALIGN (0x4)
                0x0800ac78                        __exidx_start = .
 *(.ARM.exidx*)
                0x0800ac78                        __exidx_end = .
                0x0800ac78                        . = ALIGN (0x4)

.preinit_array  0x0800ac78        0x0
                0x0800ac78                        . = ALIGN (0x4)
                0x0800ac78                        PROVIDE (__preinit_array_start = .)
 *(.preinit_array*)
                0x0800ac78                        PROVIDE (__preinit_array_end = .)
                0x0800ac78                        . = ALIGN (0x4)

.init_array     0x0800ac78        0x4
                0x0800ac78                        . = ALIGN (0x4)
                0x0800ac78                        PROVIDE (__init_array_start = .)
 *(SORT_BY_NAME(.init_array.*))
 *(.init_array*)
 .init_array    0x0800ac78        0x4 E:/STM32_IDE/STM32CubeIDE_1.18.1/STM32CubeIDE/plugins/com.st.stm32cube.ide.mcu.externaltools.gnu-tools-for-stm32.13.3.rel1.win32_1.0.0.202411081344/tools/bin/../lib/gcc/arm-none-eabi/13.3.1/thumb/v7e-m+fp/hard/crtbegin.o
                0x0800ac7c                        PROVIDE (__init_array_end = .)
                0x0800ac7c                        . = ALIGN (0x4)

.fini_array     0x0800ac7c        0x4
                0x0800ac7c                        . = ALIGN (0x4)
                [!provide]                        PROVIDE (__fini_array_start = .)
 *(SORT_BY_NAME(.fini_array.*))
 *(.fini_array*)
 .fini_array    0x0800ac7c        0x4 E:/STM32_IDE/STM32CubeIDE_1.18.1/STM32CubeIDE/plugins/com.st.stm32cube.ide.mcu.externaltools.gnu-tools-for-stm32.13.3.rel1.win32_1.0.0.202411081344/tools/bin/../lib/gcc/arm-none-eabi/13.3.1/thumb/v7e-m+fp/hard/crtbegin.o
                [!provide]                        PROVIDE (__fini_array_end = .)
                0x0800ac80                        . = ALIGN (0x4)
                0x0800ac80                        _sidata = LOADADDR (.data)

.rel.dyn        0x0800ac80        0x0
 .rel.iplt      0x0800ac80        0x0 E:/STM32_IDE/STM32CubeIDE_1.18.1/STM32CubeIDE/plugins/com.st.stm32cube.ide.mcu.externaltools.gnu-tools-for-stm32.13.3.rel1.win32_1.0.0.202411081344/tools/bin/../lib/gcc/arm-none-eabi/13.3.1/thumb/v7e-m+fp/hard/crtbegin.o

.data           0x20000000       0x78 load address 0x0800ac80
                0x20000000                        . = ALIGN (0x4)
                0x20000000                        _sdata = .
 *(.data)
 *(.data*)
 .data.Coeff    0x20000000       0x18 ./Core/Src/main.o
                0x20000000                Coeff
 .data.SystemCoreClock
                0x20000018        0x4 ./Core/Src/system_stm32f3xx.o
                0x20000018                SystemCoreClock
 .data.uwTickPrio
                0x2000001c        0x4 ./Drivers/STM32F3xx_HAL_Driver/stm32f3xx_hal.o
                0x2000001c                uwTickPrio
 .data.uwTickFreq
                0x20000020        0x1 ./Drivers/STM32F3xx_HAL_Driver/stm32f3xx_hal.o
                0x20000020                uwTickFreq
 *fill*         0x20000021        0x3 
 .data.uxCriticalNesting
                0x20000024        0x4 ./Middlewares/FreeRTOS/port.o
 .data._impure_ptr
                0x20000028        0x4 E:/STM32_IDE/STM32CubeIDE_1.18.1/STM32CubeIDE/plugins/com.st.stm32cube.ide.mcu.externaltools.gnu-tools-for-stm32.13.3.rel1.win32_1.0.0.202411081344/tools/bin/../lib/gcc/arm-none-eabi/13.3.1/../../../../arm-none-eabi/lib/thumb/v7e-m+fp/hard\libc_nano.a(libc_a-impure.o)
                0x20000028                _impure_ptr
 .data._impure_data
                0x2000002c       0x4c E:/STM32_IDE/STM32CubeIDE_1.18.1/STM32CubeIDE/plugins/com.st.stm32cube.ide.mcu.externaltools.gnu-tools-for-stm32.13.3.rel1.win32_1.0.0.202411081344/tools/bin/../lib/gcc/arm-none-eabi/13.3.1/../../../../arm-none-eabi/lib/thumb/v7e-m+fp/hard\libc_nano.a(libc_a-impure.o)
                0x2000002c                _impure_data
 *(.RamFunc)
 *(.RamFunc*)
                0x20000078                        . = ALIGN (0x4)
                0x20000078                        _edata = .
                0x0800acf8                        _siccmram = LOADADDR (.ccmram)

.igot.plt       0x20000078        0x0 load address 0x0800acf8
 .igot.plt      0x20000078        0x0 E:/STM32_IDE/STM32CubeIDE_1.18.1/STM32CubeIDE/plugins/com.st.stm32cube.ide.mcu.externaltools.gnu-tools-for-stm32.13.3.rel1.win32_1.0.0.202411081344/tools/bin/../lib/gcc/arm-none-eabi/13.3.1/thumb/v7e-m+fp/hard/crtbegin.o

.ccmram         0x10000000        0x0 load address 0x0800acf8
                0x10000000                        . = ALIGN (0x4)
                0x10000000                        _sccmram = .
 *(.ccmram)
 *(.ccmram*)
                0x10000000                        . = ALIGN (0x4)
                0x10000000                        _eccmram = .
                0x10000000                        . = ALIGN (0x4)

.bss            0x20000078     0x1480
                0x20000078                        _sbss = .
                0x20000078                        __bss_start__ = _sbss
 *(.bss)
 .bss           0x20000078       0x1c E:/STM32_IDE/STM32CubeIDE_1.18.1/STM32CubeIDE/plugins/com.st.stm32cube.ide.mcu.externaltools.gnu-tools-for-stm32.13.3.rel1.win32_1.0.0.202411081344/tools/bin/../lib/gcc/arm-none-eabi/13.3.1/thumb/v7e-m+fp/hard/crtbegin.o
 *(.bss*)
 .bss.hadc1     0x20000094       0x50 ./Core/Src/adc.o
                0x20000094                hadc1
 .bss.hdma_adc1
                0x200000e4       0x44 ./Core/Src/adc.o
                0x200000e4                hdma_adc1
 .bss.hcan      0x20000128       0x28 ./Core/Src/can.o
                0x20000128                hcan
 .bss.ADC_Value_Front_Filtered
                0x20000150        0x2 ./Core/Src/freertos.o
                0x20000150                ADC_Value_Front_Filtered
 .bss.ADC_Value_Rear_Filtered
                0x20000152        0x2 ./Core/Src/freertos.o
                0x20000152                ADC_Value_Rear_Filtered
 .bss.ADC_Value_Left_Filtered
                0x20000154        0x2 ./Core/Src/freertos.o
                0x20000154                ADC_Value_Left_Filtered
 .bss.ADC_Value_Right_Filtered
                0x20000156        0x2 ./Core/Src/freertos.o
                0x20000156                ADC_Value_Right_Filtered
 .bss.FilterStruct_Front
                0x20000158       0x30 ./Core/Src/freertos.o
                0x20000158                FilterStruct_Front
 .bss.FilterStruct_Rear
                0x20000188       0x30 ./Core/Src/freertos.o
                0x20000188                FilterStruct_Rear
 .bss.FilterStruct_Left
                0x200001b8       0x30 ./Core/Src/freertos.o
                0x200001b8                FilterStruct_Left
 .bss.FilterStruct_Right
                0x200001e8       0x30 ./Core/Src/freertos.o
                0x200001e8                FilterStruct_Right
 .bss.defaultTaskHandle
                0x20000218        0x4 ./Core/Src/freertos.o
                0x20000218                defaultTaskHandle
 .bss.PWMControlHandle
                0x2000021c        0x4 ./Core/Src/freertos.o
                0x2000021c                PWMControlHandle
 .bss.DistSensProcessHandle
                0x20000220        0x4 ./Core/Src/freertos.o
                0x20000220                DistSensProcessHandle
 .bss.IMUProcessHandle
                0x20000224        0x4 ./Core/Src/freertos.o
                0x20000224                IMUProcessHandle
 .bss.xIdleTaskTCBBuffer
                0x20000228       0x54 ./Core/Src/freertos.o
 .bss.xIdleStack
                0x2000027c      0x200 ./Core/Src/freertos.o
 .bss.hi2c1     0x2000047c       0x54 ./Core/Src/i2c.o
                0x2000047c                hi2c1
 .bss._mAddress
                0x200004d0        0x1 ./Core/Src/lsm9ds1.o
 .bss._xgAddress
                0x200004d1        0x1 ./Core/Src/lsm9ds1.o
 .bss._autoCalc
                0x200004d2        0x1 ./Core/Src/lsm9ds1.o
 *fill*         0x200004d3        0x1 
 .bss.gRes      0x200004d4        0x4 ./Core/Src/lsm9ds1.o
                0x200004d4                gRes
 .bss.aRes      0x200004d8        0x4 ./Core/Src/lsm9ds1.o
                0x200004d8                aRes
 .bss.mRes      0x200004dc        0x4 ./Core/Src/lsm9ds1.o
                0x200004dc                mRes
 .bss.settings  0x200004e0       0x2c ./Core/Src/lsm9ds1.o
                0x200004e0                settings
 .bss.ADC_input
                0x2000050c        0x8 ./Core/Src/main.o
                0x2000050c                ADC_input
 .bss.Dist      0x20000514        0x4 ./Core/Src/main.o
                0x20000514                Dist
 .bss.ax        0x20000518        0x4 ./Core/Src/main.o
                0x20000518                ax
 .bss.ay        0x2000051c        0x4 ./Core/Src/main.o
                0x2000051c                ay
 .bss.az        0x20000520        0x4 ./Core/Src/main.o
                0x20000520                az
 .bss.gx        0x20000524        0x4 ./Core/Src/main.o
                0x20000524                gx
 .bss.gy        0x20000528        0x4 ./Core/Src/main.o
                0x20000528                gy
 .bss.gz        0x2000052c        0x4 ./Core/Src/main.o
                0x2000052c                gz
 .bss.mx        0x20000530        0x4 ./Core/Src/main.o
                0x20000530                mx
 .bss.my        0x20000534        0x4 ./Core/Src/main.o
                0x20000534                my
 .bss.mz        0x20000538        0x4 ./Core/Src/main.o
                0x20000538                mz
 .bss.Accel     0x2000053c        0x3 ./Core/Src/main.o
                0x2000053c                Accel
 *fill*         0x2000053f        0x1 
 .bss.Gyro      0x20000540        0x3 ./Core/Src/main.o
                0x20000540                Gyro
 *fill*         0x20000543        0x1 
 .bss.Magne     0x20000544        0x3 ./Core/Src/main.o
                0x20000544                Magne
 *fill*         0x20000547        0x1 
 .bss.RxHeader  0x20000548       0x1c ./Core/Src/main.o
                0x20000548                RxHeader
 .bss.TxHeader_Sensor
                0x20000564       0x18 ./Core/Src/main.o
                0x20000564                TxHeader_Sensor
 .bss.TxHeader_IMU_Accel
                0x2000057c       0x18 ./Core/Src/main.o
                0x2000057c                TxHeader_IMU_Accel
 .bss.TxHeader_IMU_Gyro
                0x20000594       0x18 ./Core/Src/main.o
                0x20000594                TxHeader_IMU_Gyro
 .bss.TxHeader_IMU_Mag
                0x200005ac       0x18 ./Core/Src/main.o
                0x200005ac                TxHeader_IMU_Mag
 .bss.RxData    0x200005c4        0x8 ./Core/Src/main.o
                0x200005c4                RxData
 .bss.TxMailbox
                0x200005cc        0x4 ./Core/Src/main.o
                0x200005cc                TxMailbox
 .bss.prev_var  0x200005d0        0x1 ./Core/Src/main.o
                0x200005d0                prev_var
 .bss.receiveFlag
                0x200005d1        0x1 ./Core/Src/main.o
                0x200005d1                receiveFlag
 *fill*         0x200005d2        0x2 
 .bss.last_check_time
                0x200005d4        0x4 ./Core/Src/main.o
                0x200005d4                last_check_time
 .bss.htim2     0x200005d8       0x4c ./Core/Src/stm32f3xx_hal_timebase_tim.o
                0x200005d8                htim2
 .bss.htim1     0x20000624       0x4c ./Core/Src/tim.o
                0x20000624                htim1
 .bss.uwTick    0x20000670        0x4 ./Drivers/STM32F3xx_HAL_Driver/stm32f3xx_hal.o
                0x20000670                uwTick
 .bss.ucHeap    0x20000674      0xc00 ./Middlewares/FreeRTOS/heap_4.o
 .bss.xStart    0x20001274        0x8 ./Middlewares/FreeRTOS/heap_4.o
 .bss.pxEnd     0x2000127c        0x4 ./Middlewares/FreeRTOS/heap_4.o
 .bss.xFreeBytesRemaining
                0x20001280        0x4 ./Middlewares/FreeRTOS/heap_4.o
 .bss.xMinimumEverFreeBytesRemaining
                0x20001284        0x4 ./Middlewares/FreeRTOS/heap_4.o
 .bss.xBlockAllocatedBit
                0x20001288        0x4 ./Middlewares/FreeRTOS/heap_4.o
 .bss.ucMaxSysCallPriority
                0x2000128c        0x1 ./Middlewares/FreeRTOS/port.o
 *fill*         0x2000128d        0x3 
 .bss.ulMaxPRIGROUPValue
                0x20001290        0x4 ./Middlewares/FreeRTOS/port.o
 .bss.pxCurrentTCB
                0x20001294        0x4 ./Middlewares/FreeRTOS/tasks.o
                0x20001294                pxCurrentTCB
 .bss.pxReadyTasksLists
                0x20001298       0x8c ./Middlewares/FreeRTOS/tasks.o
 .bss.xDelayedTaskList1
                0x20001324       0x14 ./Middlewares/FreeRTOS/tasks.o
 .bss.xDelayedTaskList2
                0x20001338       0x14 ./Middlewares/FreeRTOS/tasks.o
 .bss.pxDelayedTaskList
                0x2000134c        0x4 ./Middlewares/FreeRTOS/tasks.o
 .bss.pxOverflowDelayedTaskList
                0x20001350        0x4 ./Middlewares/FreeRTOS/tasks.o
 .bss.xPendingReadyList
                0x20001354       0x14 ./Middlewares/FreeRTOS/tasks.o
 .bss.xTasksWaitingTermination
                0x20001368       0x14 ./Middlewares/FreeRTOS/tasks.o
 .bss.uxDeletedTasksWaitingCleanUp
                0x2000137c        0x4 ./Middlewares/FreeRTOS/tasks.o
 .bss.xSuspendedTaskList
                0x20001380       0x14 ./Middlewares/FreeRTOS/tasks.o
 .bss.uxCurrentNumberOfTasks
                0x20001394        0x4 ./Middlewares/FreeRTOS/tasks.o
 .bss.xTickCount
                0x20001398        0x4 ./Middlewares/FreeRTOS/tasks.o
 .bss.uxTopReadyPriority
                0x2000139c        0x4 ./Middlewares/FreeRTOS/tasks.o
 .bss.xSchedulerRunning
                0x200013a0        0x4 ./Middlewares/FreeRTOS/tasks.o
 .bss.uxPendedTicks
                0x200013a4        0x4 ./Middlewares/FreeRTOS/tasks.o
 .bss.xYieldPending
                0x200013a8        0x4 ./Middlewares/FreeRTOS/tasks.o
 .bss.xNumOfOverflows
                0x200013ac        0x4 ./Middlewares/FreeRTOS/tasks.o
 .bss.uxTaskNumber
                0x200013b0        0x4 ./Middlewares/FreeRTOS/tasks.o
 .bss.xNextTaskUnblockTime
                0x200013b4        0x4 ./Middlewares/FreeRTOS/tasks.o
 .bss.xIdleTaskHandle
                0x200013b8        0x4 ./Middlewares/FreeRTOS/tasks.o
 .bss.uxSchedulerSuspended
                0x200013bc        0x4 ./Middlewares/FreeRTOS/tasks.o
 .bss.__sf      0x200013c0      0x138 E:/STM32_IDE/STM32CubeIDE_1.18.1/STM32CubeIDE/plugins/com.st.stm32cube.ide.mcu.externaltools.gnu-tools-for-stm32.13.3.rel1.win32_1.0.0.202411081344/tools/bin/../lib/gcc/arm-none-eabi/13.3.1/../../../../arm-none-eabi/lib/thumb/v7e-m+fp/hard\libc_nano.a(libc_a-findfp.o)
                0x200013c0                __sf
 *(COMMON)
                0x200014f8                        . = ALIGN (0x4)
                0x200014f8                        _ebss = .
                0x200014f8                        __bss_end__ = _ebss

._user_heap_stack
                0x200014f8      0x600
                0x200014f8                        . = ALIGN (0x8)
                [!provide]                        PROVIDE (end = .)
                0x200014f8                        PROVIDE (_end = .)
                0x200016f8                        . = (. + _Min_Heap_Size)
 *fill*         0x200014f8      0x200 
                0x20001af8                        . = (. + _Min_Stack_Size)
 *fill*         0x200016f8      0x400 
                0x20001af8                        . = ALIGN (0x8)

/DISCARD/
 libc.a(*)
 libm.a(*)
 libgcc.a(*)

.ARM.attributes
                0x00000000       0x30
 *(.ARM.attributes)
 .ARM.attributes
                0x00000000       0x22 E:/STM32_IDE/STM32CubeIDE_1.18.1/STM32CubeIDE/plugins/com.st.stm32cube.ide.mcu.externaltools.gnu-tools-for-stm32.13.3.rel1.win32_1.0.0.202411081344/tools/bin/../lib/gcc/arm-none-eabi/13.3.1/thumb/v7e-m+fp/hard/crti.o
 .ARM.attributes
                0x00000022       0x34 E:/STM32_IDE/STM32CubeIDE_1.18.1/STM32CubeIDE/plugins/com.st.stm32cube.ide.mcu.externaltools.gnu-tools-for-stm32.13.3.rel1.win32_1.0.0.202411081344/tools/bin/../lib/gcc/arm-none-eabi/13.3.1/thumb/v7e-m+fp/hard/crtbegin.o
 .ARM.attributes
                0x00000056       0x34 ./Core/Src/adc.o
 .ARM.attributes
                0x0000008a       0x34 ./Core/Src/can.o
 .ARM.attributes
                0x000000be       0x34 ./Core/Src/dma.o
 .ARM.attributes
                0x000000f2       0x34 ./Core/Src/freertos.o
 .ARM.attributes
                0x00000126       0x34 ./Core/Src/gpio.o
 .ARM.attributes
                0x0000015a       0x34 ./Core/Src/i2c.o
 .ARM.attributes
                0x0000018e       0x34 ./Core/Src/lsm9ds1.o
 .ARM.attributes
                0x000001c2       0x34 ./Core/Src/main.o
 .ARM.attributes
                0x000001f6       0x34 ./Core/Src/medianfilter.o
 .ARM.attributes
                0x0000022a       0x34 ./Core/Src/stm32f3xx_hal_msp.o
 .ARM.attributes
                0x0000025e       0x34 ./Core/Src/stm32f3xx_hal_timebase_tim.o
 .ARM.attributes
                0x00000292       0x34 ./Core/Src/stm32f3xx_it.o
 .ARM.attributes
                0x000002c6       0x34 ./Core/Src/system_stm32f3xx.o
 .ARM.attributes
                0x000002fa       0x34 ./Core/Src/tim.o
 .ARM.attributes
                0x0000032e       0x21 ./Core/Startup/startup_stm32f303k8tx.o
 .ARM.attributes
                0x0000034f       0x34 ./Drivers/STM32F3xx_HAL_Driver/stm32f3xx_hal.o
 .ARM.attributes
                0x00000383       0x34 ./Drivers/STM32F3xx_HAL_Driver/stm32f3xx_hal_adc.o
 .ARM.attributes
                0x000003b7       0x34 ./Drivers/STM32F3xx_HAL_Driver/stm32f3xx_hal_adc_ex.o
 .ARM.attributes
                0x000003eb       0x34 ./Drivers/STM32F3xx_HAL_Driver/stm32f3xx_hal_can.o
 .ARM.attributes
                0x0000041f       0x34 ./Drivers/STM32F3xx_HAL_Driver/stm32f3xx_hal_cortex.o
 .ARM.attributes
                0x00000453       0x34 ./Drivers/STM32F3xx_HAL_Driver/stm32f3xx_hal_dma.o
 .ARM.attributes
                0x00000487       0x34 ./Drivers/STM32F3xx_HAL_Driver/stm32f3xx_hal_gpio.o
 .ARM.attributes
                0x000004bb       0x34 ./Drivers/STM32F3xx_HAL_Driver/stm32f3xx_hal_i2c.o
 .ARM.attributes
                0x000004ef       0x34 ./Drivers/STM32F3xx_HAL_Driver/stm32f3xx_hal_i2c_ex.o
 .ARM.attributes
                0x00000523       0x34 ./Drivers/STM32F3xx_HAL_Driver/stm32f3xx_hal_rcc.o
 .ARM.attributes
                0x00000557       0x34 ./Drivers/STM32F3xx_HAL_Driver/stm32f3xx_hal_rcc_ex.o
 .ARM.attributes
                0x0000058b       0x34 ./Drivers/STM32F3xx_HAL_Driver/stm32f3xx_hal_tim.o
 .ARM.attributes
                0x000005bf       0x34 ./Drivers/STM32F3xx_HAL_Driver/stm32f3xx_hal_tim_ex.o
 .ARM.attributes
                0x000005f3       0x34 ./Middlewares/FreeRTOS/cmsis_os.o
 .ARM.attributes
                0x00000627       0x34 ./Middlewares/FreeRTOS/heap_4.o
 .ARM.attributes
                0x0000065b       0x34 ./Middlewares/FreeRTOS/list.o
 .ARM.attributes
                0x0000068f       0x34 ./Middlewares/FreeRTOS/port.o
 .ARM.attributes
                0x000006c3       0x34 ./Middlewares/FreeRTOS/tasks.o
 .ARM.attributes
                0x000006f7       0x34 E:/STM32_IDE/STM32CubeIDE_1.18.1/STM32CubeIDE/plugins/com.st.stm32cube.ide.mcu.externaltools.gnu-tools-for-stm32.13.3.rel1.win32_1.0.0.202411081344/tools/bin/../lib/gcc/arm-none-eabi/13.3.1/../../../../arm-none-eabi/lib/thumb/v7e-m+fp/hard\libc_nano.a(libc_a-findfp.o)
 .ARM.attributes
                0x0000072b       0x34 E:/STM32_IDE/STM32CubeIDE_1.18.1/STM32CubeIDE/plugins/com.st.stm32cube.ide.mcu.externaltools.gnu-tools-for-stm32.13.3.rel1.win32_1.0.0.202411081344/tools/bin/../lib/gcc/arm-none-eabi/13.3.1/../../../../arm-none-eabi/lib/thumb/v7e-m+fp/hard\libc_nano.a(libc_a-memset.o)
 .ARM.attributes
                0x0000075f       0x34 E:/STM32_IDE/STM32CubeIDE_1.18.1/STM32CubeIDE/plugins/com.st.stm32cube.ide.mcu.externaltools.gnu-tools-for-stm32.13.3.rel1.win32_1.0.0.202411081344/tools/bin/../lib/gcc/arm-none-eabi/13.3.1/../../../../arm-none-eabi/lib/thumb/v7e-m+fp/hard\libc_nano.a(libc_a-impure.o)
 .ARM.attributes
                0x00000793       0x34 E:/STM32_IDE/STM32CubeIDE_1.18.1/STM32CubeIDE/plugins/com.st.stm32cube.ide.mcu.externaltools.gnu-tools-for-stm32.13.3.rel1.win32_1.0.0.202411081344/tools/bin/../lib/gcc/arm-none-eabi/13.3.1/../../../../arm-none-eabi/lib/thumb/v7e-m+fp/hard\libc_nano.a(libc_a-errno.o)
 .ARM.attributes
                0x000007c7       0x34 E:/STM32_IDE/STM32CubeIDE_1.18.1/STM32CubeIDE/plugins/com.st.stm32cube.ide.mcu.externaltools.gnu-tools-for-stm32.13.3.rel1.win32_1.0.0.202411081344/tools/bin/../lib/gcc/arm-none-eabi/13.3.1/../../../../arm-none-eabi/lib/thumb/v7e-m+fp/hard\libc_nano.a(libc_a-init.o)
 .ARM.attributes
                0x000007fb       0x34 E:/STM32_IDE/STM32CubeIDE_1.18.1/STM32CubeIDE/plugins/com.st.stm32cube.ide.mcu.externaltools.gnu-tools-for-stm32.13.3.rel1.win32_1.0.0.202411081344/tools/bin/../lib/gcc/arm-none-eabi/13.3.1/../../../../arm-none-eabi/lib/thumb/v7e-m+fp/hard\libm.a(libm_a-w_pow.o)
 .ARM.attributes
                0x0000082f       0x34 E:/STM32_IDE/STM32CubeIDE_1.18.1/STM32CubeIDE/plugins/com.st.stm32cube.ide.mcu.externaltools.gnu-tools-for-stm32.13.3.rel1.win32_1.0.0.202411081344/tools/bin/../lib/gcc/arm-none-eabi/13.3.1/../../../../arm-none-eabi/lib/thumb/v7e-m+fp/hard\libm.a(libm_a-s_finite.o)
 .ARM.attributes
                0x00000863       0x34 E:/STM32_IDE/STM32CubeIDE_1.18.1/STM32CubeIDE/plugins/com.st.stm32cube.ide.mcu.externaltools.gnu-tools-for-stm32.13.3.rel1.win32_1.0.0.202411081344/tools/bin/../lib/gcc/arm-none-eabi/13.3.1/../../../../arm-none-eabi/lib/thumb/v7e-m+fp/hard\libm.a(libm_a-e_pow.o)
 .ARM.attributes
                0x00000897       0x34 E:/STM32_IDE/STM32CubeIDE_1.18.1/STM32CubeIDE/plugins/com.st.stm32cube.ide.mcu.externaltools.gnu-tools-for-stm32.13.3.rel1.win32_1.0.0.202411081344/tools/bin/../lib/gcc/arm-none-eabi/13.3.1/../../../../arm-none-eabi/lib/thumb/v7e-m+fp/hard\libm.a(libm_a-s_fabs.o)
 .ARM.attributes
                0x000008cb       0x34 E:/STM32_IDE/STM32CubeIDE_1.18.1/STM32CubeIDE/plugins/com.st.stm32cube.ide.mcu.externaltools.gnu-tools-for-stm32.13.3.rel1.win32_1.0.0.202411081344/tools/bin/../lib/gcc/arm-none-eabi/13.3.1/../../../../arm-none-eabi/lib/thumb/v7e-m+fp/hard\libm.a(libm_a-s_scalbn.o)
 .ARM.attributes
                0x000008ff       0x34 E:/STM32_IDE/STM32CubeIDE_1.18.1/STM32CubeIDE/plugins/com.st.stm32cube.ide.mcu.externaltools.gnu-tools-for-stm32.13.3.rel1.win32_1.0.0.202411081344/tools/bin/../lib/gcc/arm-none-eabi/13.3.1/../../../../arm-none-eabi/lib/thumb/v7e-m+fp/hard\libm.a(libm_a-math_err.o)
 .ARM.attributes
                0x00000933       0x34 E:/STM32_IDE/STM32CubeIDE_1.18.1/STM32CubeIDE/plugins/com.st.stm32cube.ide.mcu.externaltools.gnu-tools-for-stm32.13.3.rel1.win32_1.0.0.202411081344/tools/bin/../lib/gcc/arm-none-eabi/13.3.1/../../../../arm-none-eabi/lib/thumb/v7e-m+fp/hard\libm.a(libm_a-e_sqrt.o)
 .ARM.attributes
                0x00000967       0x22 E:/STM32_IDE/STM32CubeIDE_1.18.1/STM32CubeIDE/plugins/com.st.stm32cube.ide.mcu.externaltools.gnu-tools-for-stm32.13.3.rel1.win32_1.0.0.202411081344/tools/bin/../lib/gcc/arm-none-eabi/13.3.1/thumb/v7e-m+fp/hard\libgcc.a(_arm_addsubdf3.o)
 .ARM.attributes
                0x00000989       0x22 E:/STM32_IDE/STM32CubeIDE_1.18.1/STM32CubeIDE/plugins/com.st.stm32cube.ide.mcu.externaltools.gnu-tools-for-stm32.13.3.rel1.win32_1.0.0.202411081344/tools/bin/../lib/gcc/arm-none-eabi/13.3.1/thumb/v7e-m+fp/hard\libgcc.a(_arm_muldivdf3.o)
 .ARM.attributes
                0x000009ab       0x22 E:/STM32_IDE/STM32CubeIDE_1.18.1/STM32CubeIDE/plugins/com.st.stm32cube.ide.mcu.externaltools.gnu-tools-for-stm32.13.3.rel1.win32_1.0.0.202411081344/tools/bin/../lib/gcc/arm-none-eabi/13.3.1/thumb/v7e-m+fp/hard\libgcc.a(_arm_cmpdf2.o)
 .ARM.attributes
                0x000009cd       0x22 E:/STM32_IDE/STM32CubeIDE_1.18.1/STM32CubeIDE/plugins/com.st.stm32cube.ide.mcu.externaltools.gnu-tools-for-stm32.13.3.rel1.win32_1.0.0.202411081344/tools/bin/../lib/gcc/arm-none-eabi/13.3.1/thumb/v7e-m+fp/hard\libgcc.a(_arm_unorddf2.o)
 .ARM.attributes
                0x000009ef       0x22 E:/STM32_IDE/STM32CubeIDE_1.18.1/STM32CubeIDE/plugins/com.st.stm32cube.ide.mcu.externaltools.gnu-tools-for-stm32.13.3.rel1.win32_1.0.0.202411081344/tools/bin/../lib/gcc/arm-none-eabi/13.3.1/thumb/v7e-m+fp/hard\libgcc.a(_arm_fixunsdfsi.o)
 .ARM.attributes
                0x00000a11       0x22 E:/STM32_IDE/STM32CubeIDE_1.18.1/STM32CubeIDE/plugins/com.st.stm32cube.ide.mcu.externaltools.gnu-tools-for-stm32.13.3.rel1.win32_1.0.0.202411081344/tools/bin/../lib/gcc/arm-none-eabi/13.3.1/thumb/v7e-m+fp/hard/crtn.o
OUTPUT(F303_ADMIT14_RTOS.elf elf32-littlearm)
LOAD linker stubs
LOAD E:/STM32_IDE/STM32CubeIDE_1.18.1/STM32CubeIDE/plugins/com.st.stm32cube.ide.mcu.externaltools.gnu-tools-for-stm32.13.3.rel1.win32_1.0.0.202411081344/tools/bin/../lib/gcc/arm-none-eabi/13.3.1/../../../../arm-none-eabi/lib/thumb/v7e-m+fp/hard\libc.a
LOAD E:/STM32_IDE/STM32CubeIDE_1.18.1/STM32CubeIDE/plugins/com.st.stm32cube.ide.mcu.externaltools.gnu-tools-for-stm32.13.3.rel1.win32_1.0.0.202411081344/tools/bin/../lib/gcc/arm-none-eabi/13.3.1/../../../../arm-none-eabi/lib/thumb/v7e-m+fp/hard\libm.a
LOAD E:/STM32_IDE/STM32CubeIDE_1.18.1/STM32CubeIDE/plugins/com.st.stm32cube.ide.mcu.externaltools.gnu-tools-for-stm32.13.3.rel1.win32_1.0.0.202411081344/tools/bin/../lib/gcc/arm-none-eabi/13.3.1/thumb/v7e-m+fp/hard\libgcc.a

.debug_info     0x00000000    0x1a3e5
 .debug_info    0x00000000      0xabc ./Core/Src/adc.o
 .debug_info    0x00000abc      0x9b7 ./Core/Src/can.o
 .debug_info    0x00001473      0x2fa ./Core/Src/dma.o
 .debug_info    0x0000176d     0x1545 ./Core/Src/freertos.o
 .debug_info    0x00002cb2      0x2e8 ./Core/Src/gpio.o
 .debug_info    0x00002f9a      0x8bb ./Core/Src/i2c.o
 .debug_info    0x00003855     0x177d ./Core/Src/lsm9ds1.o
 .debug_info    0x00004fd2     0x164a ./Core/Src/main.o
 .debug_info    0x0000661c      0x147 ./Core/Src/medianfilter.o
 .debug_info    0x00006763      0x304 ./Core/Src/stm32f3xx_hal_msp.o
 .debug_info    0x00006a67      0xa16 ./Core/Src/stm32f3xx_hal_timebase_tim.o
 .debug_info    0x0000747d      0xa9f ./Core/Src/stm32f3xx_it.o
 .debug_info    0x00007f1c      0x407 ./Core/Src/system_stm32f3xx.o
 .debug_info    0x00008323      0xbf6 ./Core/Src/tim.o
 .debug_info    0x00008f19       0x30 ./Core/Startup/startup_stm32f303k8tx.o
 .debug_info    0x00008f49      0x74a ./Drivers/STM32F3xx_HAL_Driver/stm32f3xx_hal.o
 .debug_info    0x00009693      0xb32 ./Drivers/STM32F3xx_HAL_Driver/stm32f3xx_hal_adc.o
 .debug_info    0x0000a1c5     0x15b2 ./Drivers/STM32F3xx_HAL_Driver/stm32f3xx_hal_adc_ex.o
 .debug_info    0x0000b777      0xf02 ./Drivers/STM32F3xx_HAL_Driver/stm32f3xx_hal_can.o
 .debug_info    0x0000c679      0xa87 ./Drivers/STM32F3xx_HAL_Driver/stm32f3xx_hal_cortex.o
 .debug_info    0x0000d100      0x6e1 ./Drivers/STM32F3xx_HAL_Driver/stm32f3xx_hal_dma.o
 .debug_info    0x0000d7e1      0x6a6 ./Drivers/STM32F3xx_HAL_Driver/stm32f3xx_hal_gpio.o
 .debug_info    0x0000de87     0x20c3 ./Drivers/STM32F3xx_HAL_Driver/stm32f3xx_hal_i2c.o
 .debug_info    0x0000ff4a      0x8c0 ./Drivers/STM32F3xx_HAL_Driver/stm32f3xx_hal_i2c_ex.o
 .debug_info    0x0001080a     0x148a ./Drivers/STM32F3xx_HAL_Driver/stm32f3xx_hal_rcc.o
 .debug_info    0x00011c94      0x52e ./Drivers/STM32F3xx_HAL_Driver/stm32f3xx_hal_rcc_ex.o
 .debug_info    0x000121c2     0x2a70 ./Drivers/STM32F3xx_HAL_Driver/stm32f3xx_hal_tim.o
 .debug_info    0x00014c32     0x156d ./Drivers/STM32F3xx_HAL_Driver/stm32f3xx_hal_tim_ex.o
 .debug_info    0x0001619f     0x1b3d ./Middlewares/FreeRTOS/cmsis_os.o
 .debug_info    0x00017cdc      0x3c3 ./Middlewares/FreeRTOS/heap_4.o
 .debug_info    0x0001809f      0x2aa ./Middlewares/FreeRTOS/list.o
 .debug_info    0x00018349      0x4de ./Middlewares/FreeRTOS/port.o
 .debug_info    0x00018827     0x1bbe ./Middlewares/FreeRTOS/tasks.o

.debug_abbrev   0x00000000     0x4429
 .debug_abbrev  0x00000000      0x218 ./Core/Src/adc.o
 .debug_abbrev  0x00000218      0x210 ./Core/Src/can.o
 .debug_abbrev  0x00000428       0xfc ./Core/Src/dma.o
 .debug_abbrev  0x00000524      0x2bf ./Core/Src/freertos.o
 .debug_abbrev  0x000007e3      0x133 ./Core/Src/gpio.o
 .debug_abbrev  0x00000916      0x214 ./Core/Src/i2c.o
 .debug_abbrev  0x00000b2a      0x32c ./Core/Src/lsm9ds1.o
 .debug_abbrev  0x00000e56      0x352 ./Core/Src/main.o
 .debug_abbrev  0x000011a8       0xeb ./Core/Src/medianfilter.o
 .debug_abbrev  0x00001293      0x107 ./Core/Src/stm32f3xx_hal_msp.o
 .debug_abbrev  0x0000139a      0x1f4 ./Core/Src/stm32f3xx_hal_timebase_tim.o
 .debug_abbrev  0x0000158e      0x1c7 ./Core/Src/stm32f3xx_it.o
 .debug_abbrev  0x00001755      0x11a ./Core/Src/system_stm32f3xx.o
 .debug_abbrev  0x0000186f      0x218 ./Core/Src/tim.o
 .debug_abbrev  0x00001a87       0x24 ./Core/Startup/startup_stm32f303k8tx.o
 .debug_abbrev  0x00001aab      0x215 ./Drivers/STM32F3xx_HAL_Driver/stm32f3xx_hal.o
 .debug_abbrev  0x00001cc0      0x186 ./Drivers/STM32F3xx_HAL_Driver/stm32f3xx_hal_adc.o
 .debug_abbrev  0x00001e46      0x28e ./Drivers/STM32F3xx_HAL_Driver/stm32f3xx_hal_adc_ex.o
 .debug_abbrev  0x000020d4      0x1fc ./Drivers/STM32F3xx_HAL_Driver/stm32f3xx_hal_can.o
 .debug_abbrev  0x000022d0      0x2f8 ./Drivers/STM32F3xx_HAL_Driver/stm32f3xx_hal_cortex.o
 .debug_abbrev  0x000025c8      0x20d ./Drivers/STM32F3xx_HAL_Driver/stm32f3xx_hal_dma.o
 .debug_abbrev  0x000027d5      0x1ca ./Drivers/STM32F3xx_HAL_Driver/stm32f3xx_hal_gpio.o
 .debug_abbrev  0x0000299f      0x260 ./Drivers/STM32F3xx_HAL_Driver/stm32f3xx_hal_i2c.o
 .debug_abbrev  0x00002bff      0x1c2 ./Drivers/STM32F3xx_HAL_Driver/stm32f3xx_hal_i2c_ex.o
 .debug_abbrev  0x00002dc1      0x300 ./Drivers/STM32F3xx_HAL_Driver/stm32f3xx_hal_rcc.o
 .debug_abbrev  0x000030c1      0x221 ./Drivers/STM32F3xx_HAL_Driver/stm32f3xx_hal_rcc_ex.o
 .debug_abbrev  0x000032e2      0x278 ./Drivers/STM32F3xx_HAL_Driver/stm32f3xx_hal_tim.o
 .debug_abbrev  0x0000355a      0x283 ./Drivers/STM32F3xx_HAL_Driver/stm32f3xx_hal_tim_ex.o
 .debug_abbrev  0x000037dd      0x39e ./Middlewares/FreeRTOS/cmsis_os.o
 .debug_abbrev  0x00003b7b      0x205 ./Middlewares/FreeRTOS/heap_4.o
 .debug_abbrev  0x00003d80       0xf5 ./Middlewares/FreeRTOS/list.o
 .debug_abbrev  0x00003e75      0x25c ./Middlewares/FreeRTOS/port.o
 .debug_abbrev  0x000040d1      0x358 ./Middlewares/FreeRTOS/tasks.o

.debug_aranges  0x00000000     0x1888
 .debug_aranges
                0x00000000       0x30 ./Core/Src/adc.o
 .debug_aranges
                0x00000030       0x30 ./Core/Src/can.o
 .debug_aranges
                0x00000060       0x20 ./Core/Src/dma.o
 .debug_aranges
                0x00000080       0x58 ./Core/Src/freertos.o
 .debug_aranges
                0x000000d8       0x20 ./Core/Src/gpio.o
 .debug_aranges
                0x000000f8       0x30 ./Core/Src/i2c.o
 .debug_aranges
                0x00000128      0x1e0 ./Core/Src/lsm9ds1.o
 .debug_aranges
                0x00000308       0x68 ./Core/Src/main.o
 .debug_aranges
                0x00000370       0x28 ./Core/Src/medianfilter.o
 .debug_aranges
                0x00000398       0x20 ./Core/Src/stm32f3xx_hal_msp.o
 .debug_aranges
                0x000003b8       0x30 ./Core/Src/stm32f3xx_hal_timebase_tim.o
 .debug_aranges
                0x000003e8       0x60 ./Core/Src/stm32f3xx_it.o
 .debug_aranges
                0x00000448       0x28 ./Core/Src/system_stm32f3xx.o
 .debug_aranges
                0x00000470       0x38 ./Core/Src/tim.o
 .debug_aranges
                0x000004a8       0x28 ./Core/Startup/startup_stm32f303k8tx.o
 .debug_aranges
                0x000004d0       0xe0 ./Drivers/STM32F3xx_HAL_Driver/stm32f3xx_hal.o
 .debug_aranges
                0x000005b0       0xc8 ./Drivers/STM32F3xx_HAL_Driver/stm32f3xx_hal_adc.o
 .debug_aranges
                0x00000678      0x168 ./Drivers/STM32F3xx_HAL_Driver/stm32f3xx_hal_adc_ex.o
 .debug_aranges
                0x000007e0      0x138 ./Drivers/STM32F3xx_HAL_Driver/stm32f3xx_hal_can.o
 .debug_aranges
                0x00000918      0x100 ./Drivers/STM32F3xx_HAL_Driver/stm32f3xx_hal_cortex.o
 .debug_aranges
                0x00000a18       0x88 ./Drivers/STM32F3xx_HAL_Driver/stm32f3xx_hal_dma.o
 .debug_aranges
                0x00000aa0       0x58 ./Drivers/STM32F3xx_HAL_Driver/stm32f3xx_hal_gpio.o
 .debug_aranges
                0x00000af8      0x2a0 ./Drivers/STM32F3xx_HAL_Driver/stm32f3xx_hal_i2c.o
 .debug_aranges
                0x00000d98       0x48 ./Drivers/STM32F3xx_HAL_Driver/stm32f3xx_hal_i2c_ex.o
 .debug_aranges
                0x00000de0       0x88 ./Drivers/STM32F3xx_HAL_Driver/stm32f3xx_hal_rcc.o
 .debug_aranges
                0x00000e68       0x38 ./Drivers/STM32F3xx_HAL_Driver/stm32f3xx_hal_rcc_ex.o
 .debug_aranges
                0x00000ea0      0x3e0 ./Drivers/STM32F3xx_HAL_Driver/stm32f3xx_hal_tim.o
 .debug_aranges
                0x00001280      0x178 ./Drivers/STM32F3xx_HAL_Driver/stm32f3xx_hal_tim_ex.o
 .debug_aranges
                0x000013f8      0x1d8 ./Middlewares/FreeRTOS/cmsis_os.o
 .debug_aranges
                0x000015d0       0x50 ./Middlewares/FreeRTOS/heap_4.o
 .debug_aranges
                0x00001620       0x40 ./Middlewares/FreeRTOS/list.o
 .debug_aranges
                0x00001660       0x80 ./Middlewares/FreeRTOS/port.o
 .debug_aranges
                0x000016e0      0x1a8 ./Middlewares/FreeRTOS/tasks.o

.debug_rnglists
                0x00000000     0x12de
 .debug_rnglists
                0x00000000       0x21 ./Core/Src/adc.o
 .debug_rnglists
                0x00000021       0x21 ./Core/Src/can.o
 .debug_rnglists
                0x00000042       0x13 ./Core/Src/dma.o
 .debug_rnglists
                0x00000055       0x41 ./Core/Src/freertos.o
 .debug_rnglists
                0x00000096       0x14 ./Core/Src/gpio.o
 .debug_rnglists
                0x000000aa       0x21 ./Core/Src/i2c.o
 .debug_rnglists
                0x000000cb      0x171 ./Core/Src/lsm9ds1.o
 .debug_rnglists
                0x0000023c       0x4c ./Core/Src/main.o
 .debug_rnglists
                0x00000288       0x19 ./Core/Src/medianfilter.o
 .debug_rnglists
                0x000002a1       0x13 ./Core/Src/stm32f3xx_hal_msp.o
 .debug_rnglists
                0x000002b4       0x20 ./Core/Src/stm32f3xx_hal_timebase_tim.o
 .debug_rnglists
                0x000002d4       0x43 ./Core/Src/stm32f3xx_it.o
 .debug_rnglists
                0x00000317       0x1a ./Core/Src/system_stm32f3xx.o
 .debug_rnglists
                0x00000331       0x26 ./Core/Src/tim.o
 .debug_rnglists
                0x00000357       0x19 ./Core/Startup/startup_stm32f303k8tx.o
 .debug_rnglists
                0x00000370       0xa3 ./Drivers/STM32F3xx_HAL_Driver/stm32f3xx_hal.o
 .debug_rnglists
                0x00000413       0x91 ./Drivers/STM32F3xx_HAL_Driver/stm32f3xx_hal_adc.o
 .debug_rnglists
                0x000004a4      0x126 ./Drivers/STM32F3xx_HAL_Driver/stm32f3xx_hal_adc_ex.o
 .debug_rnglists
                0x000005ca       0xee ./Drivers/STM32F3xx_HAL_Driver/stm32f3xx_hal_can.o
 .debug_rnglists
                0x000006b8       0xbb ./Drivers/STM32F3xx_HAL_Driver/stm32f3xx_hal_cortex.o
 .debug_rnglists
                0x00000773       0x69 ./Drivers/STM32F3xx_HAL_Driver/stm32f3xx_hal_dma.o
 .debug_rnglists
                0x000007dc       0x3f ./Drivers/STM32F3xx_HAL_Driver/stm32f3xx_hal_gpio.o
 .debug_rnglists
                0x0000081b      0x228 ./Drivers/STM32F3xx_HAL_Driver/stm32f3xx_hal_i2c.o
 .debug_rnglists
                0x00000a43       0x35 ./Drivers/STM32F3xx_HAL_Driver/stm32f3xx_hal_i2c_ex.o
 .debug_rnglists
                0x00000a78       0x66 ./Drivers/STM32F3xx_HAL_Driver/stm32f3xx_hal_rcc.o
 .debug_rnglists
                0x00000ade       0x27 ./Drivers/STM32F3xx_HAL_Driver/stm32f3xx_hal_rcc_ex.o
 .debug_rnglists
                0x00000b05      0x328 ./Drivers/STM32F3xx_HAL_Driver/stm32f3xx_hal_tim.o
 .debug_rnglists
                0x00000e2d      0x131 ./Drivers/STM32F3xx_HAL_Driver/stm32f3xx_hal_tim_ex.o
 .debug_rnglists
                0x00000f5e      0x16a ./Middlewares/FreeRTOS/cmsis_os.o
 .debug_rnglists
                0x000010c8       0x3b ./Middlewares/FreeRTOS/heap_4.o
 .debug_rnglists
                0x00001103       0x2b ./Middlewares/FreeRTOS/list.o
 .debug_rnglists
                0x0000112e       0x5d ./Middlewares/FreeRTOS/port.o
 .debug_rnglists
                0x0000118b      0x153 ./Middlewares/FreeRTOS/tasks.o

.debug_macro    0x00000000    0x1f1e9
 .debug_macro   0x00000000      0x1ed ./Core/Src/adc.o
 .debug_macro   0x000001ed      0xad8 ./Core/Src/adc.o
 .debug_macro   0x00000cc5      0x164 ./Core/Src/adc.o
 .debug_macro   0x00000e29       0x2e ./Core/Src/adc.o
 .debug_macro   0x00000e57       0x28 ./Core/Src/adc.o
 .debug_macro   0x00000e7f       0x22 ./Core/Src/adc.o
 .debug_macro   0x00000ea1       0x8e ./Core/Src/adc.o
 .debug_macro   0x00000f2f       0x51 ./Core/Src/adc.o
 .debug_macro   0x00000f80      0x103 ./Core/Src/adc.o
 .debug_macro   0x00001083       0x6a ./Core/Src/adc.o
 .debug_macro   0x000010ed      0x1df ./Core/Src/adc.o
 .debug_macro   0x000012cc       0x1c ./Core/Src/adc.o
 .debug_macro   0x000012e8       0x22 ./Core/Src/adc.o
 .debug_macro   0x0000130a       0xd9 ./Core/Src/adc.o
 .debug_macro   0x000013e3      0xf07 ./Core/Src/adc.o
 .debug_macro   0x000022ea    0x10be0 ./Core/Src/adc.o
 .debug_macro   0x00012eca       0x6d ./Core/Src/adc.o
 .debug_macro   0x00012f37     0x3574 ./Core/Src/adc.o
 .debug_macro   0x000164ab      0x190 ./Core/Src/adc.o
 .debug_macro   0x0001663b       0x55 ./Core/Src/adc.o
 .debug_macro   0x00016690      0x8f8 ./Core/Src/adc.o
 .debug_macro   0x00016f88      0x304 ./Core/Src/adc.o
 .debug_macro   0x0001728c      0x1b5 ./Core/Src/adc.o
 .debug_macro   0x00017441      0x11b ./Core/Src/adc.o
 .debug_macro   0x0001755c      0x1d5 ./Core/Src/adc.o
 .debug_macro   0x00017731      0x1bc ./Core/Src/adc.o
 .debug_macro   0x000178ed       0x34 ./Core/Src/adc.o
 .debug_macro   0x00017921       0x3c ./Core/Src/adc.o
 .debug_macro   0x0001795d       0x57 ./Core/Src/adc.o
 .debug_macro   0x000179b4      0x87d ./Core/Src/adc.o
 .debug_macro   0x00018231       0x77 ./Core/Src/adc.o
 .debug_macro   0x000182a8      0x408 ./Core/Src/adc.o
 .debug_macro   0x000186b0       0xc5 ./Core/Src/adc.o
 .debug_macro   0x00018775      0x19f ./Core/Src/adc.o
 .debug_macro   0x00018914      0x22c ./Core/Src/adc.o
 .debug_macro   0x00018b40       0x5b ./Core/Src/adc.o
 .debug_macro   0x00018b9b       0xa5 ./Core/Src/adc.o
 .debug_macro   0x00018c40       0x81 ./Core/Src/adc.o
 .debug_macro   0x00018cc1       0xd3 ./Core/Src/adc.o
 .debug_macro   0x00018d94      0xa60 ./Core/Src/adc.o
 .debug_macro   0x000197f4       0x59 ./Core/Src/adc.o
 .debug_macro   0x0001984d      0x285 ./Core/Src/adc.o
 .debug_macro   0x00019ad2       0x58 ./Core/Src/adc.o
 .debug_macro   0x00019b2a      0x1ed ./Core/Src/can.o
 .debug_macro   0x00019d17      0x1ed ./Core/Src/dma.o
 .debug_macro   0x00019f04      0x3b0 ./Core/Src/freertos.o
 .debug_macro   0x0001a2b4       0xd6 ./Core/Src/freertos.o
 .debug_macro   0x0001a38a      0x15a ./Core/Src/freertos.o
 .debug_macro   0x0001a4e4       0xd7 ./Core/Src/freertos.o
 .debug_macro   0x0001a5bb       0x10 ./Core/Src/freertos.o
 .debug_macro   0x0001a5cb       0x1f ./Core/Src/freertos.o
 .debug_macro   0x0001a5ea      0x4b7 ./Core/Src/freertos.o
 .debug_macro   0x0001aaa1       0xb5 ./Core/Src/freertos.o
 .debug_macro   0x0001ab56       0x8c ./Core/Src/freertos.o
 .debug_macro   0x0001abe2       0x91 ./Core/Src/freertos.o
 .debug_macro   0x0001ac73       0x8d ./Core/Src/freertos.o
 .debug_macro   0x0001ad00       0x7e ./Core/Src/freertos.o
 .debug_macro   0x0001ad7e       0x19 ./Core/Src/freertos.o
 .debug_macro   0x0001ad97       0xf2 ./Core/Src/freertos.o
 .debug_macro   0x0001ae89       0x61 ./Core/Src/freertos.o
 .debug_macro   0x0001aeea       0x2a ./Core/Src/freertos.o
 .debug_macro   0x0001af14       0x43 ./Core/Src/freertos.o
 .debug_macro   0x0001af57       0x34 ./Core/Src/freertos.o
 .debug_macro   0x0001af8b      0x370 ./Core/Src/freertos.o
 .debug_macro   0x0001b2fb       0x16 ./Core/Src/freertos.o
 .debug_macro   0x0001b311       0x4a ./Core/Src/freertos.o
 .debug_macro   0x0001b35b       0x34 ./Core/Src/freertos.o
 .debug_macro   0x0001b38f       0x10 ./Core/Src/freertos.o
 .debug_macro   0x0001b39f       0x58 ./Core/Src/freertos.o
 .debug_macro   0x0001b3f7       0x8e ./Core/Src/freertos.o
 .debug_macro   0x0001b485       0x1c ./Core/Src/freertos.o
 .debug_macro   0x0001b4a1      0x185 ./Core/Src/freertos.o
 .debug_macro   0x0001b626      0x19b ./Core/Src/freertos.o