../Core/Src/main.c:119:5:main	8	static
../Core/Src/main.c:271:6:SystemClock_Config	96	static
../Core/Src/main.c:316:10:CalcDist	40	static
../Core/Src/main.c:329:9:ConvertToPWM_Signal	16	static
../Core/Src/main.c:334:6:TxHeaderInit_Sensor	4	static
../Core/Src/main.c:343:6:TxHeaderInit_IMU_Accel	4	static
../Core/Src/main.c:352:6:TxHeaderInit_IMU_Gyro	4	static
../Core/Src/main.c:361:6:TxHeaderInit_IMU_Mag	4	static
../Core/Src/main.c:382:6:HAL_TIM_PeriodElapsedCallback	16	static
../Core/Src/main.c:400:6:Error_Handler	4	static,ignoring_inline_asm
